******************************************************************************
                  TI ARM Linker PC v18.1.2                     
******************************************************************************
>> Linked Tue Aug 18 17:10:26 2020

OUTPUT FILE NAME:   <BQ79600_SPI_Sample_Code.out>
ENTRY POINT SYMBOL: "_c_int00"  address: 00009e1c


MEMORY CONFIGURATION

         name            origin    length      used     unused   attr    fill
----------------------  --------  ---------  --------  --------  ----  --------
  VECTORS               00000000   00000020  00000020  00000000     X
  FLASH0                00000020   0013ffe0  0000c629  001339b7  R  X
  STACKS                08000000   00002a00  00000000  00002a00  RW  
  RAM                   08002a00   0002d600  00000e5a  0002c7a6  RW  


SEGMENT ALLOCATION MAP

run origin  load origin   length   init length attrs members
----------  ----------- ---------- ----------- ----- -------
00000000    00000000    0000c650   0000c650    r-x
  00000000    00000000    00000020   00000020    r-x .intvecs
  00000020    00000020    0000c088   0000c088    r-x .text
  0000c0a8    0000c0a8    00000501   00000501    r-- .const
  0000c5b0    0000c5b0    000000a0   000000a0    r-- .cinit
08002a00    08002a00    00000e5c   00000000    rw-
  08002a00    08002a00    00000800   00000000    rw- .sysmem
  08003200    08003200    0000041a   00000000    rw- .bss
  0800361c    0800361c    00000240   00000000    rw- .data


SECTION ALLOCATION MAP

 output                                  attributes/
section   page    origin      length       input sections
--------  ----  ----------  ----------   ----------------
.intvecs   0    00000000    00000020     
                  00000000    00000020     sys_intvecs.obj (.intvecs)

.text      0    00000020    0000c088     
                  00000020    00002cdc     sys_selftest.obj (.text)
                  00002cfc    000013bc     bq79616.obj (.text)
                  000040b8    00000bdc     spi.obj (.text)
                  00004c94    00000b28     system.obj (.text)
                  000057bc    00000a54     sys_vim.obj (.text)
                  00006210    00000a32     rtsv7R4_T_be_v3D16_eabi.lib : _printfi.c.obj (.text:__TI_printfi)
                  00006c42    00000002                                 : _lock.c.obj (.text:_nop)
                  00006c44    00000a2c     sci.obj (.text)
                  00007670    000008b8     pinmux.obj (.text)
                  00007f28    00000638     rti.obj (.text)
                  00008560    000005bc     esm.obj (.text)
                  00008b1c    00000484     gio.obj (.text)
                  00008fa0    0000034c     sys_core.obj (.text)
                  000092ec    000002fc     sys_main.obj (.text)
                  000095e8    000002cc     sys_vim.obj (.text:retain)
                  000098b4    000002b8     rtsv7R4_T_be_v3D16_eabi.lib : ull_div32.asm.obj (.text)
                  00009b6c    000002b0     spi.obj (.text:retain)
                  00009e1c    0000027c     sys_startup.obj (.text:retain)
                  0000a098    00000248     rtsv7R4_T_be_v3D16_eabi.lib : _printfi.c.obj (.text:_pconv_a)
                  0000a2e0    00000204     sci.obj (.text:retain)
                  0000a4e4    000001a8     rtsv7R4_T_be_v3D16_eabi.lib : _printfi.c.obj (.text:_pconv_g)
                  0000a68c    00000118                                 : fputs.c.obj (.text:fputs)
                  0000a7a4    00000114     esm.obj (.text:retain)
                  0000a8b8    00000104     rtsv7R4_T_be_v3D16_eabi.lib : _printfi.c.obj (.text:_pconv_e)
                  0000a9bc    000000fc                                 : _printfi.c.obj (.text:fcvt)
                  0000aab8    000000f8     notification.obj (.text)
                  0000abb0    000000ec     rtsv7R4_T_be_v3D16_eabi.lib : s_scalbn.c.obj (.text:scalbn)
                  0000ac9c    000000e8     dabort.obj (.text)
                  0000ad84    000000e0     rtsv7R4_T_be_v3D16_eabi.lib : s_floor.c.obj (.text:floor)
                  0000ae64    000000e0     sys_pmu.obj (.text)
                  0000af44    000000dc     rtsv7R4_T_be_v3D16_eabi.lib : setvbuf.c.obj (.text:setvbuf)
                  0000b020    000000d8                                 : memory.c.obj (.text:free)
                  0000b0f8    000000ad                                 : _printfi.c.obj (.text:_ltostr)
                  0000b1a5    00000001     --HOLE-- [fill = 0]
                  0000b1a6    0000009c                                 : memcpy_t2.asm.obj (.text)
                  0000b242    00000002     --HOLE-- [fill = 0]
                  0000b244    00000098     gio.obj (.text:retain)
                  0000b2dc    00000090     rtsv7R4_T_be_v3D16_eabi.lib : fputc.c.obj (.text:fputc)
                  0000b36c    0000007a                                 : _printfi.c.obj (.text:_mcpy)
                  0000b3e6    0000007a                                 : memset_t2.asm.obj (.text)
                  0000b460    00000078                                 : memory.c.obj (.text:malloc)
                  0000b4d8    00000074                                 : fclose.c.obj (.text:__TI_closefile)
                  0000b54c    00000074                                 : s_frexp.c.obj (.text:frexp)
                  0000b5c0    0000006c                                 : copy_decompress_lzss.c.obj (.text:decompress:lzss:__TI_decompress_lzss)
                  0000b62c    00000068                                 : hostlseek.c.obj (.text:HOSTlseek)
                  0000b694    00000068                                 : hostrename.c.obj (.text:HOSTrename)
                  0000b6fc    00000068                                 : printf.c.obj (.text:printf)
                  0000b764    00000064                                 : _io_perm.c.obj (.text:__TI_wrt_ok)
                  0000b7c8    00000064                                 : fseek.c.obj (.text:fseek)
                  0000b82c    0000005c                                 : hostopen.c.obj (.text:HOSTopen)
                  0000b888    0000005c                                 : hostread.c.obj (.text:HOSTread)
                  0000b8e4    00000058                                 : hostwrite.c.obj (.text:HOSTwrite)
                  0000b93c    00000058                                 : close.c.obj (.text:close)
                  0000b994    00000054                                 : _printfi.c.obj (.text:_ecpy)
                  0000b9e8    00000054                                 : ltoa.c.obj (.text:ltoa)
                  0000ba3c    00000050                                 : _printfi.c.obj (.text:_pconv_f)
                  0000ba8c    00000050                                 : atoi.c.obj (.text:atoi)
                  0000badc    0000004c                                 : fflush.c.obj (.text:__TI_doflush)
                  0000bb28    0000004c     rti.obj (.text:retain)
                  0000bb74    00000044     rtsv7R4_T_be_v3D16_eabi.lib : hostclose.c.obj (.text:HOSTclose)
                  0000bbb8    00000044                                 : hostunlink.c.obj (.text:HOSTunlink)
                  0000bbfc    00000044                                 : autoinit.c.obj (.text:__TI_auto_init_nobinit_nopinit:__TI_auto_init_nobinit_nopinit)
                  0000bc40    00000044                                 : exit.c.obj (.text:exit)
                  0000bc84    00000044                                 : getdevice.c.obj (.text:getdevice)
                  0000bcc8    00000040                                 : _printfi.c.obj (.text:_fcpy)
                  0000bd08    00000040                                 : vsnprintf.c.obj (.text:vsnprintf)
                  0000bd48    0000003c                                 : trgmsg.c.obj (.text:__TI_writemsg)
                  0000bd84    0000003c                                 : memory.c.obj (.text:minsert)
                  0000bdc0    00000038                                 : memory.c.obj (.text:minit)
                  0000bdf8    00000036                                 : strncpy.c.obj (.text:strncpy)
                  0000be2e    00000002     --HOLE-- [fill = 0]
                  0000be30    00000034                                 : fopen.c.obj (.text:__TI_cleanup)
                  0000be64    00000034                                 : trgmsg.c.obj (.text:__TI_readmsg)
                  0000be98    00000034                                 : getdevice.c.obj (.text:finddevice)
                  0000becc    00000030                                 : vsnprintf.c.obj (.text:_outs)
                  0000befc    0000002c                                 : unlink.c.obj (.text:unlink)
                  0000bf28    00000028                                 : lseek.c.obj (.text:lseek)
                  0000bf50    00000028                                 : memory.c.obj (.text:mremove)
                  0000bf78    00000028                                 : write.c.obj (.text:write)
                  0000bfa0    00000020                                 : memchr.c.obj (.text:memchr)
                  0000bfc0    0000001c                                 : memccpy.c.obj (.text:memccpy)
                  0000bfdc    00000018                                 : vsnprintf.c.obj (.text:_outc)
                  0000bff4    00000018                                 : s_copysign.c.obj (.text:copysign)
                  0000c00c    00000018                                 : strcmp.c.obj (.text:strcmp)
                  0000c024    00000016                                 : strchr.c.obj (.text:strchr)
                  0000c03a    00000016                                 : strlen.c.obj (.text:strlen)
                  0000c050    00000014                                 : strcpy.c.obj (.text:strcpy)
                  0000c064    00000012                                 : wcslen.c.obj (.text:wcslen)
                  0000c076    0000000e                                 : copy_decompress_none.c.obj (.text:decompress:none:__TI_decompress_none)
                  0000c084    0000000c                                 : copy_zero_init.c.obj (.text:decompress:ZI:__TI_zero_init)
                  0000c090    00000008                                 : errno.c.obj (.text:__aeabi_errno_addr)
                  0000c098    00000004                                 : printf.c.obj (.text:_outc)
                  0000c09c    00000004                                 : printf.c.obj (.text:_outs)
                  0000c0a0    00000004                                 : exit.c.obj (.text:abort:abort)
                  0000c0a4    00000004     sys_phantom.obj (.text:retain)

.const     0    0000c0a8    00000501     
                  0000c0a8    00000200     bq79616.obj (.const:crc16_table)
                  0000c2a8    00000200     sys_vim.obj (.const:s_vim_init)
                  0000c4a8    00000101     rtsv7R4_T_be_v3D16_eabi.lib : ctype.c.obj (.const:.string:_ctypes_)

.cinit     0    0000c5b0    000000a0     
                  0000c5b0    0000007b     (.cinit..data.load) [load image, compression = lzss]
                  0000c62b    00000001     --HOLE-- [fill = 0]
                  0000c62c    0000000c     (__TI_handler_table)
                  0000c638    00000008     (.cinit..bss.load) [load image, compression = zero_init]
                  0000c640    00000010     (__TI_cinit_table)

.sysmem    0    08002a00    00000800     UNINITIALIZED
                  08002a00    00000008     rtsv7R4_T_be_v3D16_eabi.lib : memory.c.obj (.sysmem)
                  08002a08    000007f8     --HOLE--

.bss       0    08003200    0000041a     UNINITIALIZED
                  08003200    00000120     rtsv7R4_T_be_v3D16_eabi.lib : trgmsg.c.obj (.bss:_CIOBUF_)
                  08003320    00000100     (.common:FFBuffer)
                  08003420    000000a0     (.common:__TI_tmpnams)
                  080034c0    00000080     (.common:spiFrame)
                  08003540    00000078     spi.obj (.bss:g_spiPacket_t)
                  080035b8    00000028     sci.obj (.bss:g_sciTransfer_t)
                  080035e0    0000001c     (.common:autoaddr_response_frame)
                  080035fc    00000010     (.common:spiBuf)
                  0800360c    00000008     (.common:parmbuf)
                  08003614    00000004     (.common:dataconfig1_t)
                  08003618    00000002     (.common:spiWCRC)

.data      0    0800361c    00000240     UNINITIALIZED
                  0800361c    000000f0     rtsv7R4_T_be_v3D16_eabi.lib : defs.c.obj (.data:_ftable)
                  0800370c    00000078                                 : write.c.obj (.data:_device)
                  08003784    00000050                                 : write.c.obj (.data:_stream)
                  080037d4    0000004c     bq79616.obj (.data)
                  08003820    00000010     rtsv7R4_T_be_v3D16_eabi.lib : defs.c.obj (.data)
                  08003830    0000000c                                 : exit.c.obj (.data:$O1$$)
                  0800383c    0000000c                                 : memory.c.obj (.data:$O1$$)
                  08003848    00000008                                 : _lock.c.obj (.data:$O1$$)
                  08003850    00000008     sys_main.obj (.data)
                  08003858    00000004     rtsv7R4_T_be_v3D16_eabi.lib : errno.c.obj (.data)

MODULE SUMMARY

       Module                       code    ro data   rw data
       ------                       ----    -------   -------
    .\source\
       sys_selftest.obj             11484   0         0      
       bq79616.obj                  5052    512       510    
       sys_vim.obj                  3360    512       0      
       spi.obj                      3724    0         120    
       sci.obj                      3120    0         40     
       system.obj                   2856    0         0      
       pinmux.obj                   2232    0         0      
       esm.obj                      1744    0         0      
       rti.obj                      1668    0         0      
       gio.obj                      1308    0         0      
       sys_core.obj                 844     0         0      
       sys_main.obj                 764     0         8      
       sys_startup.obj              636     0         0      
       notification.obj             248     0         0      
       dabort.obj                   232     0         0      
       sys_pmu.obj                  224     0         0      
       sys_intvecs.obj              32      0         0      
       sys_phantom.obj              4       0         0      
    +--+----------------------------+-------+---------+---------+
       Total:                       39532   1024      678    
                                                             
    C:/ti/ccsv8/tools/compiler/ti-cgt-arm_18.1.2.LTS/lib/rtsv7R4_T_be_v3D16_eabi.lib
       _printfi.c.obj               4653    0         0      
       ull_div32.asm.obj            696     0         0      
       memory.c.obj                 492     0         12     
       defs.c.obj                   0       0         416    
       trgmsg.c.obj                 112     0         288    
       fputs.c.obj                  280     0         0      
       ctype.c.obj                  0       257       0      
       write.c.obj                  40      0         200    
       s_scalbn.c.obj               236     0         0      
       s_floor.c.obj                224     0         0      
       setvbuf.c.obj                220     0         0      
       memcpy_t2.asm.obj            156     0         0      
       fputc.c.obj                  144     0         0      
       vsnprintf.c.obj              136     0         0      
       memset_t2.asm.obj            122     0         0      
       getdevice.c.obj              120     0         0      
       fclose.c.obj                 116     0         0      
       s_frexp.c.obj                116     0         0      
       printf.c.obj                 112     0         0      
       copy_decompress_lzss.c.obj   108     0         0      
       hostlseek.c.obj              104     0         0      
       hostrename.c.obj             104     0         0      
       _io_perm.c.obj               100     0         0      
       fseek.c.obj                  100     0         0      
       hostopen.c.obj               92      0         8      
       hostread.c.obj               92      0         0      
       close.c.obj                  88      0         0      
       hostwrite.c.obj              88      0         0      
       exit.c.obj                   72      0         12     
       ltoa.c.obj                   84      0         0      
       atoi.c.obj                   80      0         0      
       fflush.c.obj                 76      0         0      
       autoinit.c.obj               68      0         0      
       hostclose.c.obj              68      0         0      
       hostunlink.c.obj             68      0         0      
       strncpy.c.obj                54      0         0      
       fopen.c.obj                  52      0         0      
       unlink.c.obj                 44      0         0      
       lseek.c.obj                  40      0         0      
       memchr.c.obj                 32      0         0      
       memccpy.c.obj                28      0         0      
       s_copysign.c.obj             24      0         0      
       strcmp.c.obj                 24      0         0      
       strchr.c.obj                 22      0         0      
       strlen.c.obj                 22      0         0      
       strcpy.c.obj                 20      0         0      
       wcslen.c.obj                 18      0         0      
       copy_decompress_none.c.obj   14      0         0      
       copy_zero_init.c.obj         12      0         0      
       errno.c.obj                  8       0         4      
       _lock.c.obj                  2       0         8      
    +--+----------------------------+-------+---------+---------+
       Total:                       9783    257       948    
                                                             
       Heap:                        0       0         2048   
       Linker Generated:            0       159       0      
    +--+----------------------------+-------+---------+---------+
       Grand Total:                 49315   1440      3674   


LINKER GENERATED COPY TABLES

__TI_cinit_table @ 0000c640 records: 2, size/record: 8, table size: 16
	.data: load addr=0000c5b0, load size=0000007b bytes, run addr=0800361c, run size=00000240 bytes, compression=lzss
	.bss: load addr=0000c638, load size=00000008 bytes, run addr=08003200, run size=0000041a bytes, compression=zero_init


LINKER GENERATED HANDLER TABLE

__TI_handler_table @ 0000c62c records: 3, size/record: 4, table size: 12
	index: 0, handler: __TI_zero_init
	index: 1, handler: __TI_decompress_lzss
	index: 2, handler: __TI_decompress_none


GLOBAL SYMBOLS: SORTED ALPHABETICALLY BY Name 

address   name                                
-------   ----                                
0000c0a1  C$$EXIT                             
0000bd7b  C$$IO$$                             
00003e04  Complement                          
08003320  FFBuffer                            
00003e38  GetFaultStat                        
0000bb75  HOSTclose                           
0000b62d  HOSTlseek                           
0000b82d  HOSTopen                            
0000b889  HOSTread                            
0000b695  HOSTrename                          
0000bbb9  HOSTunlink                          
0000b8e5  HOSTwrite                           
00008294  IsdwdKeySequenceCorrect             
0800381c  K                                   
08003814  M                                   
08003854  RTI_TIMEOUT                         
UNDEFED   SHT$$INIT_ARRAY$$Base               
UNDEFED   SHT$$INIT_ARRAY$$Limit              
00002e98  SpiAutoAddress                      
00003d24  SpiCRC16                            
00002e7c  SpiCommClear79600                   
00003db4  SpiDisableTimeout_600_616           
00003a34  SpiReadReg                          
00004948  SpiRxStatus                         
00002d7c  SpiSD79600                          
00002dfc  SpiStA79600                         
000048bc  SpiTxStatus                         
00002cfc  SpiWake79600                        
00003854  SpiWriteFrame                       
00003238  SpiWriteReg                         
08003850  UART_RX_RDY                         
08003200  __CIOBUF_                           
00000800  __SYSMEM_SIZE                       
0000c640  __TI_CINIT_Base                     
0000c650  __TI_CINIT_Limit                    
0000c62c  __TI_Handler_Table_Base             
0000c638  __TI_Handler_Table_Limit            
000092e4  __TI_PINIT_Base                     
000092e8  __TI_PINIT_Limit                    
0000bbfd  __TI_auto_init_nobinit_nopinit      
0000be31  __TI_cleanup                        
08003830  __TI_cleanup_ptr                    
0000b4d9  __TI_closefile                      
0000b5c1  __TI_decompress_lzss                
0000c077  __TI_decompress_none                
0000badd  __TI_doflush                        
08003834  __TI_dtors_ptr                      
08003838  __TI_enable_exit_profile_output     
08003820  __TI_ft_end                         
ffffffff  __TI_pprof_out_hndl                 
00006211  __TI_printfi                        
ffffffff  __TI_prof_data_size                 
ffffffff  __TI_prof_data_start                
0000be65  __TI_readmsg                        
00000000  __TI_static_base__                  
08003420  __TI_tmpnams                        
0000bd49  __TI_writemsg                       
0000b765  __TI_wrt_ok                         
0000c085  __TI_zero_init                      
0000c091  __aeabi_errno_addr                  
0000b3e7  __aeabi_memclr                      
0000b3e7  __aeabi_memclr4                     
0000b3e7  __aeabi_memclr8                     
0000b1a7  __aeabi_memcpy                      
0000b1a7  __aeabi_memcpy4                     
0000b1a7  __aeabi_memcpy8                     
0000b3e9  __aeabi_memset                      
0000b3e9  __aeabi_memset4                     
0000b3e9  __aeabi_memset8                     
0800382c  __aeabi_stderr                      
08003824  __aeabi_stdin                       
08003828  __aeabi_stdout                      
000098b4  __aeabi_uldivmod                    
ffffffff  __binit__                           
ffffffff  __c_args__                          
00009e1c  _c_int00                            
000091fc  _coreClearAuxiliaryDataFault_       
00009210  _coreClearAuxiliaryInstructionFault_
000091d4  _coreClearDataFaultAddress_         
000091ac  _coreClearDataFault_                
000091e8  _coreClearInstructionFaultAddress_  
000091c0  _coreClearInstructionFault_         
00009140  _coreDisableEventBusExport_         
00009184  _coreDisableFlashEcc_               
00009160  _coreDisableRamEcc_                 
00009130  _coreEnableEventBusExport_          
00009170  _coreEnableFlashEcc_                
00009194  _coreEnableIrqVicOffset_            
00009150  _coreEnableRamEcc_                  
00009118  _coreEnableVfp_                     
000091f4  _coreGetAuxiliaryDataFault_         
00009208  _coreGetAuxiliaryInstructionFault_  
000091cc  _coreGetDataFaultAddress_           
000091a4  _coreGetDataFault_                  
000091e0  _coreGetInstructionFaultAddress_    
000091b8  _coreGetInstructionFault_           
00008fa0  _coreInitRegisters_                 
000090ac  _coreInitStackPointer_              
0000c4a8  _ctypes_                            
0000ac9c  _dabort                             
0800370c  _device                             
00009224  _disable_FIQ_interrupt_             
0000922c  _disable_IRQ_interrupt_             
0000921c  _disable_interrupt_                 
00009234  _enable_interrupt_                  
000092c4  _errata_CORTEXR4_57_                
000092d4  _errata_CORTEXR4_66_                
0000923c  _esmCcmErrorsClear_                 
0800361c  _ftable                             
000090f8  _getCPSRValue_                      
00009100  _gotoCPUIdle_                       
08003848  _lock                               
00006c43  _nop                                
0000aec0  _pmuDisableCountersGlobal_          
0000aeb0  _pmuEnableCountersGlobal_           
0000af1c  _pmuGetCycleCount_                  
0000af24  _pmuGetEventCount_                  
0000af30  _pmuGetOverflow_                    
0000ae64  _pmuInit_                           
0000aef0  _pmuResetCounters_                  
0000aed0  _pmuResetCycleCounter_              
0000aee0  _pmuResetEventCounters_             
0000af10  _pmuSetCountEvent_                  
0000af00  _pmuStartCounters_                  
0000af08  _pmuStopCounters_                   
08003784  _stream                             
08002a00  _sys_memory                         
UNDEFED   _system_post_cinit                  
0800384c  _unlock                             
0000c0a1  abort                               
0000126c  adc1ParityCheck                     
00001358  adc2ParityCheck                     
0000ba8d  atoi                                
080035e0  autoaddr_response_frame             
080037e0  bRes                                
080037dc  bReturn                             
080037ec  baseCommunicating                   
ffffffff  binit                               
00001410  can1ParityCheck                     
000014e8  can2ParityCheck                     
000015b0  can3ParityCheck                     
00000030  ccmSelfCheck                        
000026fc  ccmr4GetConfigValue                 
08003804  channel                             
00000938  checkB0RAMECC                       
00000b28  checkB1RAMECC                       
00001c18  checkClockMonitor                   
00000d18  checkFlashECC                       
00001cf4  checkFlashEEPROMECC                 
00001e8c  checkPLL1Slip                       
00001f8c  checkPLL2Slip                       
00002050  checkRAMAddrParity                  
000019d0  checkRAMECC                         
0000215c  checkRAMUERRTest                    
000007bc  checkefcSelfTest                    
0000b93d  close                               
0000bff5  copysign                            
0000bff5  copysignl                           
080037e4  count                               
00000234  cpuSelfTest                         
00000dfc  cpuSelfTestFail                     
080037fc  crc16_i                             
0000c0a8  crc16_table                         
080037f4  crc_i                               
080037d4  currentBoard                        
080037d8  currentCell                         
00000df4  custom_dabort                       
08003614  dataconfig1_t                       
00003efc  delayms                             
00003e68  delayus                             
00002b58  disableParity                       
0000ab90  dmaGroupANotification               
00000eac  dmaParityCheck                      
000082fc  dwdClearFlag                        
00008230  dwdCounterEnable                    
00008278  dwdGenerateSysReset                 
000082c8  dwdGetStatus                        
0000830c  dwdGetViolationStatus               
000081b4  dwdInit                             
0000825c  dwdReset                            
00008240  dwdSetPreload                       
00008224  dwwdGetCurrentDownCounter           
000081dc  dwwdInit                            
00000660  efcCheck                            
00002660  efcGetConfigValue                   
00000794  efcSelfTest                         
000006e8  efcStuckZeroTest                    
00002ad0  enableParity                        
0000276c  errata_PBIST_4                      
08003858  errno                               
000086e4  esmActivateNormalOperation          
000087b8  esmClearStatus                      
000087f8  esmClearStatusBuffer                
000086ac  esmDisableError                     
0000871c  esmDisableInterrupt                 
00008684  esmEnableError                      
000086f4  esmEnableInterrupt                  
000088f0  esmEnterSelfTest                    
00008668  esmError                            
000089c8  esmGetConfigValue                   
00008834  esmGetStatus                        
000088b8  esmGetStatusBuffer                  
0000aab8  esmGroup1Notification               
0000aac8  esmGroup2Notification               
0000a7a4  esmHighInterrupt                    
00008560  esmInit                             
00008978  esmSelfTestStatus                   
00008814  esmSetCounterPreloadValue           
00008744  esmSetInterruptLevel                
000086d4  esmTriggerErrorPinReset             
0000bc41  exit                                
0000be99  finddevice                          
0000ad85  floor                               
0000ad85  floorl                              
000022c4  fmcBus1ParityCheck                  
0000085c  fmcBus2Check                        
00000898  fmcECCcheck                         
0000b2dd  fputc                               
0000a68d  fputs                               
0000b021  free                                
0000b54d  frexp                               
0000b54d  frexpl                              
0000b7c9  fseek                               
0000bc85  getdevice                           
00008d7c  gioDisableNotification              
00008d14  gioEnableNotification               
00008c7c  gioGetBit                           
00008de4  gioGetConfigValue                   
00008ca4  gioGetPort                          
0000b244  gioHighLevelInterrupt               
00008b1c  gioInit                             
0000ab2c  gioNotification                     
00008c0c  gioSetBit                           
00008bec  gioSetDirection                     
00008c5c  gioSetPort                          
00008cbc  gioToggleBit                        
00000f58  het1ParityCheck                     
000010c0  het2ParityCheck                     
00001004  htu1ParityCheck                     
000011bc  htu2ParityCheck                     
08003818  i                                   
0000abb1  ldexp                               
0000abb1  ldexpl                              
0000bf29  lseek                               
0000b9e9  ltoa                                
000092ec  main                                
0000b461  malloc                              
00004dd0  mapClocks                           
0000bfc1  memccpy                             
0000bfa1  memchr                              
0000b1a7  memcpy                              
00000174  memoryInit                          
0000aad8  memoryPort0TestFailNotification     
0000aaf4  memoryPort1TestFailNotification     
0000b3ef  memset                              
00001684  mibspi1ParityCheck                  
00009b6c  mibspi3LowLevelInterrupt            
0000178c  mibspi3ParityCheck                  
000018b0  mibspi5ParityCheck                  
0000bdc1  minit                               
00007670  muxInit                             
08003800  numReads                            
080037f0  otpPass                             
0800360c  parmbuf                             
000023ec  pbistFail                           
00002470  pbistGetConfigValue                 
000005a8  pbistIsTestCompleted                
000005d4  pbistIsTestPassed                   
00000608  pbistPortTestStatus                 
000004ac  pbistRun                            
000002cc  pbistSelfCheck                      
00000578  pbistStop                           
00004d7c  periphInit                          
0000c0a4  phantomInterrupt                    
00007b0c  pinmuxGetConfigValue                
00003fdc  printConsole                        
0000b6fd  printf                              
0000b2dd  putc                                
0000befd  remove                              
00000000  resetEntry                          
0000bb28  rtiCompare0Interrupt                
000083bc  rtiDisableNotification              
00008394  rtiEnableNotification               
000083d8  rtiGetConfigValue                   
00008128  rtiGetCurrentTick                   
00008100  rtiGetPeriod                        
00007f28  rtiInit                             
0000ab10  rtiNotification                     
00008074  rtiResetCounter                     
000080d8  rtiSetPeriod                        
0000801c  rtiStartCounter                     
00008048  rtiStopCounter                      
0000abb1  scalbn                              
0000abb1  scalbnl                             
000071f4  sciDisableLoopback                  
00007280  sciDisableNotification              
000071c0  sciEnableLoopback                   
00007218  sciEnableNotification               
000072e8  sciEnterResetState                  
00007308  sciExitResetState                   
00007328  sciGetConfigValue                   
00006c44  sciInit                             
00007070  sciIsIdleDetected                   
00007054  sciIsRxReady                        
00006ed4  sciIsTxReady                        
0000a2e0  sciLowLevelInterrupt                
0000ab40  sciNotification                     
000070e8  sciReceive                          
000070bc  sciReceiveByte                      
0000708c  sciRxError                          
00006f20  sciSend                             
00006ef0  sciSendByte                         
00006e38  sciSetBaudrate                      
00006e18  sciSetFunctional                    
00007480  scilinGetConfigValue                
00000020  selftestFailNotification            
00004d3c  setupFlash                          
00004c94  setupPLL                            
0000af45  setvbuf                             
00004a80  spi3GetConfigValue                  
080035fc  spiBuf                              
00004a08  spiDisableLoopback                  
00004a54  spiDisableNotification              
000049d4  spiEnableLoopback                   
00004a24  spiEnableNotification               
0000ab80  spiEndNotification                  
080034c0  spiFrame                            
00004324  spiGetData                          
000040b8  spiInit                             
0000ab6c  spiNotification                     
0800380c  spiPBuf                             
08003808  spiPktLen                           
00004208  spiReceiveData                      
08003810  spiReturn                           
0000477c  spiSendAndGetData                   
00004548  spiSendData                         
000041e8  spiSetFunctional                    
00004640  spiTransmitAndReceiveData           
0000441c  spiTransmitData                     
08003618  spiWCRC                             
000055b4  sramGetConfigValue                  
000025bc  stcGetConfigValue                   
000001b8  stcSelfCheck                        
00000df8  stcSelfCheckFail                    
0000c025  strchr                              
0000c00d  strcmp                              
0000c051  strcpy                              
0000c03b  strlen                              
0000bdf9  strncpy                             
00004ff4  systemGetConfigValue                
00004ef8  systemInit                          
00004fc4  systemPowerDown                     
00005408  tcmflashGetConfigValue              
080037e8  topFoundBoard                       
00004cf4  trimLPO                             
0000befd  unlink                              
00005890  vimChannelMap                       
00005afc  vimDisableInterrupt                 
00005934  vimEnableInterrupt                  
00005ba8  vimGetConfigValue                   
000057bc  vimInit                             
00000e00  vimParityCheck                      
000095e8  vimParityErrorHandler               
00003f90  volt2Byte                           
0000bd09  vsnprintf                           
080037f8  wCRC2                               
0000c065  wcslen                              
0000bf79  write                               


GLOBAL SYMBOLS: SORTED BY Symbol Address 

address   name                                
-------   ----                                
00000000  __TI_static_base__                  
00000000  resetEntry                          
00000020  selftestFailNotification            
00000030  ccmSelfCheck                        
00000174  memoryInit                          
000001b8  stcSelfCheck                        
00000234  cpuSelfTest                         
000002cc  pbistSelfCheck                      
000004ac  pbistRun                            
00000578  pbistStop                           
000005a8  pbistIsTestCompleted                
000005d4  pbistIsTestPassed                   
00000608  pbistPortTestStatus                 
00000660  efcCheck                            
000006e8  efcStuckZeroTest                    
00000794  efcSelfTest                         
000007bc  checkefcSelfTest                    
00000800  __SYSMEM_SIZE                       
0000085c  fmcBus2Check                        
00000898  fmcECCcheck                         
00000938  checkB0RAMECC                       
00000b28  checkB1RAMECC                       
00000d18  checkFlashECC                       
00000df4  custom_dabort                       
00000df8  stcSelfCheckFail                    
00000dfc  cpuSelfTestFail                     
00000e00  vimParityCheck                      
00000eac  dmaParityCheck                      
00000f58  het1ParityCheck                     
00001004  htu1ParityCheck                     
000010c0  het2ParityCheck                     
000011bc  htu2ParityCheck                     
0000126c  adc1ParityCheck                     
00001358  adc2ParityCheck                     
00001410  can1ParityCheck                     
000014e8  can2ParityCheck                     
000015b0  can3ParityCheck                     
00001684  mibspi1ParityCheck                  
0000178c  mibspi3ParityCheck                  
000018b0  mibspi5ParityCheck                  
000019d0  checkRAMECC                         
00001c18  checkClockMonitor                   
00001cf4  checkFlashEEPROMECC                 
00001e8c  checkPLL1Slip                       
00001f8c  checkPLL2Slip                       
00002050  checkRAMAddrParity                  
0000215c  checkRAMUERRTest                    
000022c4  fmcBus1ParityCheck                  
000023ec  pbistFail                           
00002470  pbistGetConfigValue                 
000025bc  stcGetConfigValue                   
00002660  efcGetConfigValue                   
000026fc  ccmr4GetConfigValue                 
0000276c  errata_PBIST_4                      
00002ad0  enableParity                        
00002b58  disableParity                       
00002cfc  SpiWake79600                        
00002d7c  SpiSD79600                          
00002dfc  SpiStA79600                         
00002e7c  SpiCommClear79600                   
00002e98  SpiAutoAddress                      
00003238  SpiWriteReg                         
00003854  SpiWriteFrame                       
00003a34  SpiReadReg                          
00003d24  SpiCRC16                            
00003db4  SpiDisableTimeout_600_616           
00003e04  Complement                          
00003e38  GetFaultStat                        
00003e68  delayus                             
00003efc  delayms                             
00003f90  volt2Byte                           
00003fdc  printConsole                        
000040b8  spiInit                             
000041e8  spiSetFunctional                    
00004208  spiReceiveData                      
00004324  spiGetData                          
0000441c  spiTransmitData                     
00004548  spiSendData                         
00004640  spiTransmitAndReceiveData           
0000477c  spiSendAndGetData                   
000048bc  SpiTxStatus                         
00004948  SpiRxStatus                         
000049d4  spiEnableLoopback                   
00004a08  spiDisableLoopback                  
00004a24  spiEnableNotification               
00004a54  spiDisableNotification              
00004a80  spi3GetConfigValue                  
00004c94  setupPLL                            
00004cf4  trimLPO                             
00004d3c  setupFlash                          
00004d7c  periphInit                          
00004dd0  mapClocks                           
00004ef8  systemInit                          
00004fc4  systemPowerDown                     
00004ff4  systemGetConfigValue                
00005408  tcmflashGetConfigValue              
000055b4  sramGetConfigValue                  
000057bc  vimInit                             
00005890  vimChannelMap                       
00005934  vimEnableInterrupt                  
00005afc  vimDisableInterrupt                 
00005ba8  vimGetConfigValue                   
00006211  __TI_printfi                        
00006c43  _nop                                
00006c44  sciInit                             
00006e18  sciSetFunctional                    
00006e38  sciSetBaudrate                      
00006ed4  sciIsTxReady                        
00006ef0  sciSendByte                         
00006f20  sciSend                             
00007054  sciIsRxReady                        
00007070  sciIsIdleDetected                   
0000708c  sciRxError                          
000070bc  sciReceiveByte                      
000070e8  sciReceive                          
000071c0  sciEnableLoopback                   
000071f4  sciDisableLoopback                  
00007218  sciEnableNotification               
00007280  sciDisableNotification              
000072e8  sciEnterResetState                  
00007308  sciExitResetState                   
00007328  sciGetConfigValue                   
00007480  scilinGetConfigValue                
00007670  muxInit                             
00007b0c  pinmuxGetConfigValue                
00007f28  rtiInit                             
0000801c  rtiStartCounter                     
00008048  rtiStopCounter                      
00008074  rtiResetCounter                     
000080d8  rtiSetPeriod                        
00008100  rtiGetPeriod                        
00008128  rtiGetCurrentTick                   
000081b4  dwdInit                             
000081dc  dwwdInit                            
00008224  dwwdGetCurrentDownCounter           
00008230  dwdCounterEnable                    
00008240  dwdSetPreload                       
0000825c  dwdReset                            
00008278  dwdGenerateSysReset                 
00008294  IsdwdKeySequenceCorrect             
000082c8  dwdGetStatus                        
000082fc  dwdClearFlag                        
0000830c  dwdGetViolationStatus               
00008394  rtiEnableNotification               
000083bc  rtiDisableNotification              
000083d8  rtiGetConfigValue                   
00008560  esmInit                             
00008668  esmError                            
00008684  esmEnableError                      
000086ac  esmDisableError                     
000086d4  esmTriggerErrorPinReset             
000086e4  esmActivateNormalOperation          
000086f4  esmEnableInterrupt                  
0000871c  esmDisableInterrupt                 
00008744  esmSetInterruptLevel                
000087b8  esmClearStatus                      
000087f8  esmClearStatusBuffer                
00008814  esmSetCounterPreloadValue           
00008834  esmGetStatus                        
000088b8  esmGetStatusBuffer                  
000088f0  esmEnterSelfTest                    
00008978  esmSelfTestStatus                   
000089c8  esmGetConfigValue                   
00008b1c  gioInit                             
00008bec  gioSetDirection                     
00008c0c  gioSetBit                           
00008c5c  gioSetPort                          
00008c7c  gioGetBit                           
00008ca4  gioGetPort                          
00008cbc  gioToggleBit                        
00008d14  gioEnableNotification               
00008d7c  gioDisableNotification              
00008de4  gioGetConfigValue                   
00008fa0  _coreInitRegisters_                 
000090ac  _coreInitStackPointer_              
000090f8  _getCPSRValue_                      
00009100  _gotoCPUIdle_                       
00009118  _coreEnableVfp_                     
00009130  _coreEnableEventBusExport_          
00009140  _coreDisableEventBusExport_         
00009150  _coreEnableRamEcc_                  
00009160  _coreDisableRamEcc_                 
00009170  _coreEnableFlashEcc_                
00009184  _coreDisableFlashEcc_               
00009194  _coreEnableIrqVicOffset_            
000091a4  _coreGetDataFault_                  
000091ac  _coreClearDataFault_                
000091b8  _coreGetInstructionFault_           
000091c0  _coreClearInstructionFault_         
000091cc  _coreGetDataFaultAddress_           
000091d4  _coreClearDataFaultAddress_         
000091e0  _coreGetInstructionFaultAddress_    
000091e8  _coreClearInstructionFaultAddress_  
000091f4  _coreGetAuxiliaryDataFault_         
000091fc  _coreClearAuxiliaryDataFault_       
00009208  _coreGetAuxiliaryInstructionFault_  
00009210  _coreClearAuxiliaryInstructionFault_
0000921c  _disable_interrupt_                 
00009224  _disable_FIQ_interrupt_             
0000922c  _disable_IRQ_interrupt_             
00009234  _enable_interrupt_                  
0000923c  _esmCcmErrorsClear_                 
000092c4  _errata_CORTEXR4_57_                
000092d4  _errata_CORTEXR4_66_                
000092e4  __TI_PINIT_Base                     
000092e8  __TI_PINIT_Limit                    
000092ec  main                                
000095e8  vimParityErrorHandler               
000098b4  __aeabi_uldivmod                    
00009b6c  mibspi3LowLevelInterrupt            
00009e1c  _c_int00                            
0000a2e0  sciLowLevelInterrupt                
0000a68d  fputs                               
0000a7a4  esmHighInterrupt                    
0000aab8  esmGroup1Notification               
0000aac8  esmGroup2Notification               
0000aad8  memoryPort0TestFailNotification     
0000aaf4  memoryPort1TestFailNotification     
0000ab10  rtiNotification                     
0000ab2c  gioNotification                     
0000ab40  sciNotification                     
0000ab6c  spiNotification                     
0000ab80  spiEndNotification                  
0000ab90  dmaGroupANotification               
0000abb1  ldexp                               
0000abb1  ldexpl                              
0000abb1  scalbn                              
0000abb1  scalbnl                             
0000ac9c  _dabort                             
0000ad85  floor                               
0000ad85  floorl                              
0000ae64  _pmuInit_                           
0000aeb0  _pmuEnableCountersGlobal_           
0000aec0  _pmuDisableCountersGlobal_          
0000aed0  _pmuResetCycleCounter_              
0000aee0  _pmuResetEventCounters_             
0000aef0  _pmuResetCounters_                  
0000af00  _pmuStartCounters_                  
0000af08  _pmuStopCounters_                   
0000af10  _pmuSetCountEvent_                  
0000af1c  _pmuGetCycleCount_                  
0000af24  _pmuGetEventCount_                  
0000af30  _pmuGetOverflow_                    
0000af45  setvbuf                             
0000b021  free                                
0000b1a7  __aeabi_memcpy                      
0000b1a7  __aeabi_memcpy4                     
0000b1a7  __aeabi_memcpy8                     
0000b1a7  memcpy                              
0000b244  gioHighLevelInterrupt               
0000b2dd  fputc                               
0000b2dd  putc                                
0000b3e7  __aeabi_memclr                      
0000b3e7  __aeabi_memclr4                     
0000b3e7  __aeabi_memclr8                     
0000b3e9  __aeabi_memset                      
0000b3e9  __aeabi_memset4                     
0000b3e9  __aeabi_memset8                     
0000b3ef  memset                              
0000b461  malloc                              
0000b4d9  __TI_closefile                      
0000b54d  frexp                               
0000b54d  frexpl                              
0000b5c1  __TI_decompress_lzss                
0000b62d  HOSTlseek                           
0000b695  HOSTrename                          
0000b6fd  printf                              
0000b765  __TI_wrt_ok                         
0000b7c9  fseek                               
0000b82d  HOSTopen                            
0000b889  HOSTread                            
0000b8e5  HOSTwrite                           
0000b93d  close                               
0000b9e9  ltoa                                
0000ba8d  atoi                                
0000badd  __TI_doflush                        
0000bb28  rtiCompare0Interrupt                
0000bb75  HOSTclose                           
0000bbb9  HOSTunlink                          
0000bbfd  __TI_auto_init_nobinit_nopinit      
0000bc41  exit                                
0000bc85  getdevice                           
0000bd09  vsnprintf                           
0000bd49  __TI_writemsg                       
0000bd7b  C$$IO$$                             
0000bdc1  minit                               
0000bdf9  strncpy                             
0000be31  __TI_cleanup                        
0000be65  __TI_readmsg                        
0000be99  finddevice                          
0000befd  remove                              
0000befd  unlink                              
0000bf29  lseek                               
0000bf79  write                               
0000bfa1  memchr                              
0000bfc1  memccpy                             
0000bff5  copysign                            
0000bff5  copysignl                           
0000c00d  strcmp                              
0000c025  strchr                              
0000c03b  strlen                              
0000c051  strcpy                              
0000c065  wcslen                              
0000c077  __TI_decompress_none                
0000c085  __TI_zero_init                      
0000c091  __aeabi_errno_addr                  
0000c0a1  C$$EXIT                             
0000c0a1  abort                               
0000c0a4  phantomInterrupt                    
0000c0a8  crc16_table                         
0000c4a8  _ctypes_                            
0000c62c  __TI_Handler_Table_Base             
0000c638  __TI_Handler_Table_Limit            
0000c640  __TI_CINIT_Base                     
0000c650  __TI_CINIT_Limit                    
08002a00  _sys_memory                         
08003200  __CIOBUF_                           
08003320  FFBuffer                            
08003420  __TI_tmpnams                        
080034c0  spiFrame                            
080035e0  autoaddr_response_frame             
080035fc  spiBuf                              
0800360c  parmbuf                             
08003614  dataconfig1_t                       
08003618  spiWCRC                             
0800361c  _ftable                             
0800370c  _device                             
08003784  _stream                             
080037d4  currentBoard                        
080037d8  currentCell                         
080037dc  bReturn                             
080037e0  bRes                                
080037e4  count                               
080037e8  topFoundBoard                       
080037ec  baseCommunicating                   
080037f0  otpPass                             
080037f4  crc_i                               
080037f8  wCRC2                               
080037fc  crc16_i                             
08003800  numReads                            
08003804  channel                             
08003808  spiPktLen                           
0800380c  spiPBuf                             
08003810  spiReturn                           
08003814  M                                   
08003818  i                                   
0800381c  K                                   
08003820  __TI_ft_end                         
08003824  __aeabi_stdin                       
08003828  __aeabi_stdout                      
0800382c  __aeabi_stderr                      
08003830  __TI_cleanup_ptr                    
08003834  __TI_dtors_ptr                      
08003838  __TI_enable_exit_profile_output     
08003848  _lock                               
0800384c  _unlock                             
08003850  UART_RX_RDY                         
08003854  RTI_TIMEOUT                         
08003858  errno                               
ffffffff  __TI_pprof_out_hndl                 
ffffffff  __TI_prof_data_size                 
ffffffff  __TI_prof_data_start                
ffffffff  __binit__                           
ffffffff  __c_args__                          
ffffffff  binit                               
UNDEFED   SHT$$INIT_ARRAY$$Base               
UNDEFED   SHT$$INIT_ARRAY$$Limit              
UNDEFED   _system_post_cinit                  

[368 symbols]
