<?xml version="1.0" encoding="ISO-8859-1" ?>
<link_info>
   <banner>TI ARM Linker PC v18.1.2.LTS</banner>
   <copyright>Copyright (c) 1996-2017 Texas Instruments Incorporated</copyright>
   <link_time>0x5f3c4ea0</link_time>
   <link_errors>0x0</link_errors>
   <output_file>BQ79600_UART_Sample_Code.out</output_file>
   <entry_point>
      <name>_c_int00</name>
      <address>0x9480</address>
   </entry_point>
   <input_file_list>
      <input_file id="fl-2">
         <path>.\source\</path>
         <kind>object</kind>
         <file>bq79616.obj</file>
         <name>bq79616.obj</name>
      </input_file>
      <input_file id="fl-3">
         <path>.\source\</path>
         <kind>object</kind>
         <file>dabort.obj</file>
         <name>dabort.obj</name>
      </input_file>
      <input_file id="fl-4">
         <path>.\source\</path>
         <kind>object</kind>
         <file>errata_SSWF021_45.obj</file>
         <name>errata_SSWF021_45.obj</name>
      </input_file>
      <input_file id="fl-5">
         <path>.\source\</path>
         <kind>object</kind>
         <file>esm.obj</file>
         <name>esm.obj</name>
      </input_file>
      <input_file id="fl-6">
         <path>.\source\</path>
         <kind>object</kind>
         <file>gio.obj</file>
         <name>gio.obj</name>
      </input_file>
      <input_file id="fl-7">
         <path>.\source\</path>
         <kind>object</kind>
         <file>notification.obj</file>
         <name>notification.obj</name>
      </input_file>
      <input_file id="fl-8">
         <path>.\source\</path>
         <kind>object</kind>
         <file>pinmux.obj</file>
         <name>pinmux.obj</name>
      </input_file>
      <input_file id="fl-9">
         <path>.\source\</path>
         <kind>object</kind>
         <file>rti.obj</file>
         <name>rti.obj</name>
      </input_file>
      <input_file id="fl-a">
         <path>.\source\</path>
         <kind>object</kind>
         <file>sci.obj</file>
         <name>sci.obj</name>
      </input_file>
      <input_file id="fl-b">
         <path>.\source\</path>
         <kind>object</kind>
         <file>sys_core.obj</file>
         <name>sys_core.obj</name>
      </input_file>
      <input_file id="fl-c">
         <path>.\source\</path>
         <kind>object</kind>
         <file>sys_dma.obj</file>
         <name>sys_dma.obj</name>
      </input_file>
      <input_file id="fl-d">
         <path>.\source\</path>
         <kind>object</kind>
         <file>sys_intvecs.obj</file>
         <name>sys_intvecs.obj</name>
      </input_file>
      <input_file id="fl-e">
         <path>.\source\</path>
         <kind>object</kind>
         <file>sys_main.obj</file>
         <name>sys_main.obj</name>
      </input_file>
      <input_file id="fl-f">
         <path>.\source\</path>
         <kind>object</kind>
         <file>sys_mpu.obj</file>
         <name>sys_mpu.obj</name>
      </input_file>
      <input_file id="fl-10">
         <path>.\source\</path>
         <kind>object</kind>
         <file>sys_pcr.obj</file>
         <name>sys_pcr.obj</name>
      </input_file>
      <input_file id="fl-11">
         <path>.\source\</path>
         <kind>object</kind>
         <file>sys_phantom.obj</file>
         <name>sys_phantom.obj</name>
      </input_file>
      <input_file id="fl-12">
         <path>.\source\</path>
         <kind>object</kind>
         <file>sys_pmm.obj</file>
         <name>sys_pmm.obj</name>
      </input_file>
      <input_file id="fl-13">
         <path>.\source\</path>
         <kind>object</kind>
         <file>sys_pmu.obj</file>
         <name>sys_pmu.obj</name>
      </input_file>
      <input_file id="fl-14">
         <path>.\source\</path>
         <kind>object</kind>
         <file>sys_selftest.obj</file>
         <name>sys_selftest.obj</name>
      </input_file>
      <input_file id="fl-15">
         <path>.\source\</path>
         <kind>object</kind>
         <file>sys_startup.obj</file>
         <name>sys_startup.obj</name>
      </input_file>
      <input_file id="fl-16">
         <path>.\source\</path>
         <kind>object</kind>
         <file>sys_vim.obj</file>
         <name>sys_vim.obj</name>
      </input_file>
      <input_file id="fl-17">
         <path>.\source\</path>
         <kind>object</kind>
         <file>system.obj</file>
         <name>system.obj</name>
      </input_file>
      <input_file id="fl-1b">
         <kind>object</kind>
         <file>&lt;internal&gt;</file>
         <name>&lt;internal&gt;</name>
      </input_file>
      <input_file id="fl-1c">
         <path>C:\ti\ccsv8\tools\compiler\ti-cgt-arm_18.1.2.LTS\lib\</path>
         <kind>archive</kind>
         <file>rtsv7R4_T_be_v3D16_eabi.lib</file>
         <name>s_floor.c.obj</name>
      </input_file>
      <input_file id="fl-1d">
         <path>C:\ti\ccsv8\tools\compiler\ti-cgt-arm_18.1.2.LTS\lib\</path>
         <kind>archive</kind>
         <file>rtsv7R4_T_be_v3D16_eabi.lib</file>
         <name>memset_t2.asm.obj</name>
      </input_file>
      <input_file id="fl-1e">
         <path>C:\ti\ccsv8\tools\compiler\ti-cgt-arm_18.1.2.LTS\lib\</path>
         <kind>archive</kind>
         <file>rtsv7R4_T_be_v3D16_eabi.lib</file>
         <name>autoinit.c.obj</name>
      </input_file>
      <input_file id="fl-1f">
         <path>C:\ti\ccsv8\tools\compiler\ti-cgt-arm_18.1.2.LTS\lib\</path>
         <kind>archive</kind>
         <file>rtsv7R4_T_be_v3D16_eabi.lib</file>
         <name>cpy_tbl.c.obj</name>
      </input_file>
      <input_file id="fl-20">
         <path>C:\ti\ccsv8\tools\compiler\ti-cgt-arm_18.1.2.LTS\lib\</path>
         <kind>archive</kind>
         <file>rtsv7R4_T_be_v3D16_eabi.lib</file>
         <name>copy_zero_init.c.obj</name>
      </input_file>
      <input_file id="fl-21">
         <path>C:\ti\ccsv8\tools\compiler\ti-cgt-arm_18.1.2.LTS\lib\</path>
         <kind>archive</kind>
         <file>rtsv7R4_T_be_v3D16_eabi.lib</file>
         <name>copy_decompress_none.c.obj</name>
      </input_file>
      <input_file id="fl-22">
         <path>C:\ti\ccsv8\tools\compiler\ti-cgt-arm_18.1.2.LTS\lib\</path>
         <kind>archive</kind>
         <file>rtsv7R4_T_be_v3D16_eabi.lib</file>
         <name>copy_decompress_lzss.c.obj</name>
      </input_file>
      <input_file id="fl-23">
         <path>C:\ti\ccsv8\tools\compiler\ti-cgt-arm_18.1.2.LTS\lib\</path>
         <kind>archive</kind>
         <file>rtsv7R4_T_be_v3D16_eabi.lib</file>
         <name>exit.c.obj</name>
      </input_file>
      <input_file id="fl-24">
         <path>C:\ti\ccsv8\tools\compiler\ti-cgt-arm_18.1.2.LTS\lib\</path>
         <kind>archive</kind>
         <file>rtsv7R4_T_be_v3D16_eabi.lib</file>
         <name>_lock.c.obj</name>
      </input_file>
      <input_file id="fl-25">
         <path>C:\ti\ccsv8\tools\compiler\ti-cgt-arm_18.1.2.LTS\lib\</path>
         <kind>archive</kind>
         <file>rtsv7R4_T_be_v3D16_eabi.lib</file>
         <name>printf.c.obj</name>
      </input_file>
      <input_file id="fl-26">
         <path>C:\ti\ccsv8\tools\compiler\ti-cgt-arm_18.1.2.LTS\lib\</path>
         <kind>archive</kind>
         <file>rtsv7R4_T_be_v3D16_eabi.lib</file>
         <name>vsnprintf.c.obj</name>
      </input_file>
      <input_file id="fl-27">
         <path>C:\ti\ccsv8\tools\compiler\ti-cgt-arm_18.1.2.LTS\lib\</path>
         <kind>archive</kind>
         <file>rtsv7R4_T_be_v3D16_eabi.lib</file>
         <name>memcpy_t2.asm.obj</name>
      </input_file>
      <input_file id="fl-28">
         <path>C:\ti\ccsv8\tools\compiler\ti-cgt-arm_18.1.2.LTS\lib\</path>
         <kind>archive</kind>
         <file>rtsv7R4_T_be_v3D16_eabi.lib</file>
         <name>_printfi.c.obj</name>
      </input_file>
      <input_file id="fl-29">
         <path>C:\ti\ccsv8\tools\compiler\ti-cgt-arm_18.1.2.LTS\lib\</path>
         <kind>archive</kind>
         <file>rtsv7R4_T_be_v3D16_eabi.lib</file>
         <name>atoi.c.obj</name>
      </input_file>
      <input_file id="fl-2a">
         <path>C:\ti\ccsv8\tools\compiler\ti-cgt-arm_18.1.2.LTS\lib\</path>
         <kind>archive</kind>
         <file>rtsv7R4_T_be_v3D16_eabi.lib</file>
         <name>ctype.c.obj</name>
      </input_file>
      <input_file id="fl-2b">
         <path>C:\ti\ccsv8\tools\compiler\ti-cgt-arm_18.1.2.LTS\lib\</path>
         <kind>archive</kind>
         <file>rtsv7R4_T_be_v3D16_eabi.lib</file>
         <name>defs.c.obj</name>
      </input_file>
      <input_file id="fl-2c">
         <path>C:\ti\ccsv8\tools\compiler\ti-cgt-arm_18.1.2.LTS\lib\</path>
         <kind>archive</kind>
         <file>rtsv7R4_T_be_v3D16_eabi.lib</file>
         <name>fputc.c.obj</name>
      </input_file>
      <input_file id="fl-2d">
         <path>C:\ti\ccsv8\tools\compiler\ti-cgt-arm_18.1.2.LTS\lib\</path>
         <kind>archive</kind>
         <file>rtsv7R4_T_be_v3D16_eabi.lib</file>
         <name>fputs.c.obj</name>
      </input_file>
      <input_file id="fl-2e">
         <path>C:\ti\ccsv8\tools\compiler\ti-cgt-arm_18.1.2.LTS\lib\</path>
         <kind>archive</kind>
         <file>rtsv7R4_T_be_v3D16_eabi.lib</file>
         <name>ltoa.c.obj</name>
      </input_file>
      <input_file id="fl-2f">
         <path>C:\ti\ccsv8\tools\compiler\ti-cgt-arm_18.1.2.LTS\lib\</path>
         <kind>archive</kind>
         <file>rtsv7R4_T_be_v3D16_eabi.lib</file>
         <name>memccpy.c.obj</name>
      </input_file>
      <input_file id="fl-30">
         <path>C:\ti\ccsv8\tools\compiler\ti-cgt-arm_18.1.2.LTS\lib\</path>
         <kind>archive</kind>
         <file>rtsv7R4_T_be_v3D16_eabi.lib</file>
         <name>memchr.c.obj</name>
      </input_file>
      <input_file id="fl-31">
         <path>C:\ti\ccsv8\tools\compiler\ti-cgt-arm_18.1.2.LTS\lib\</path>
         <kind>archive</kind>
         <file>rtsv7R4_T_be_v3D16_eabi.lib</file>
         <name>strchr.c.obj</name>
      </input_file>
      <input_file id="fl-32">
         <path>C:\ti\ccsv8\tools\compiler\ti-cgt-arm_18.1.2.LTS\lib\</path>
         <kind>archive</kind>
         <file>rtsv7R4_T_be_v3D16_eabi.lib</file>
         <name>strlen.c.obj</name>
      </input_file>
      <input_file id="fl-33">
         <path>C:\ti\ccsv8\tools\compiler\ti-cgt-arm_18.1.2.LTS\lib\</path>
         <kind>archive</kind>
         <file>rtsv7R4_T_be_v3D16_eabi.lib</file>
         <name>write.c.obj</name>
      </input_file>
      <input_file id="fl-34">
         <path>C:\ti\ccsv8\tools\compiler\ti-cgt-arm_18.1.2.LTS\lib\</path>
         <kind>archive</kind>
         <file>rtsv7R4_T_be_v3D16_eabi.lib</file>
         <name>s_frexp.c.obj</name>
      </input_file>
      <input_file id="fl-35">
         <path>C:\ti\ccsv8\tools\compiler\ti-cgt-arm_18.1.2.LTS\lib\</path>
         <kind>archive</kind>
         <file>rtsv7R4_T_be_v3D16_eabi.lib</file>
         <name>s_scalbn.c.obj</name>
      </input_file>
      <input_file id="fl-36">
         <path>C:\ti\ccsv8\tools\compiler\ti-cgt-arm_18.1.2.LTS\lib\</path>
         <kind>archive</kind>
         <file>rtsv7R4_T_be_v3D16_eabi.lib</file>
         <name>s_copysign.c.obj</name>
      </input_file>
      <input_file id="fl-37">
         <path>C:\ti\ccsv8\tools\compiler\ti-cgt-arm_18.1.2.LTS\lib\</path>
         <kind>archive</kind>
         <file>rtsv7R4_T_be_v3D16_eabi.lib</file>
         <name>wcslen.c.obj</name>
      </input_file>
      <input_file id="fl-38">
         <path>C:\ti\ccsv8\tools\compiler\ti-cgt-arm_18.1.2.LTS\lib\</path>
         <kind>archive</kind>
         <file>rtsv7R4_T_be_v3D16_eabi.lib</file>
         <name>ull_div32.asm.obj</name>
      </input_file>
      <input_file id="fl-39">
         <path>C:\ti\ccsv8\tools\compiler\ti-cgt-arm_18.1.2.LTS\lib\</path>
         <kind>archive</kind>
         <file>rtsv7R4_T_be_v3D16_eabi.lib</file>
         <name>errno.c.obj</name>
      </input_file>
      <input_file id="fl-3a">
         <path>C:\ti\ccsv8\tools\compiler\ti-cgt-arm_18.1.2.LTS\lib\</path>
         <kind>archive</kind>
         <file>rtsv7R4_T_be_v3D16_eabi.lib</file>
         <name>_io_perm.c.obj</name>
      </input_file>
      <input_file id="fl-3b">
         <path>C:\ti\ccsv8\tools\compiler\ti-cgt-arm_18.1.2.LTS\lib\</path>
         <kind>archive</kind>
         <file>rtsv7R4_T_be_v3D16_eabi.lib</file>
         <name>fflush.c.obj</name>
      </input_file>
      <input_file id="fl-3c">
         <path>C:\ti\ccsv8\tools\compiler\ti-cgt-arm_18.1.2.LTS\lib\</path>
         <kind>archive</kind>
         <file>rtsv7R4_T_be_v3D16_eabi.lib</file>
         <name>fseek.c.obj</name>
      </input_file>
      <input_file id="fl-3d">
         <path>C:\ti\ccsv8\tools\compiler\ti-cgt-arm_18.1.2.LTS\lib\</path>
         <kind>archive</kind>
         <file>rtsv7R4_T_be_v3D16_eabi.lib</file>
         <name>lseek.c.obj</name>
      </input_file>
      <input_file id="fl-3e">
         <path>C:\ti\ccsv8\tools\compiler\ti-cgt-arm_18.1.2.LTS\lib\</path>
         <kind>archive</kind>
         <file>rtsv7R4_T_be_v3D16_eabi.lib</file>
         <name>setvbuf.c.obj</name>
      </input_file>
      <input_file id="fl-3f">
         <path>C:\ti\ccsv8\tools\compiler\ti-cgt-arm_18.1.2.LTS\lib\</path>
         <kind>archive</kind>
         <file>rtsv7R4_T_be_v3D16_eabi.lib</file>
         <name>hostclose.c.obj</name>
      </input_file>
      <input_file id="fl-40">
         <path>C:\ti\ccsv8\tools\compiler\ti-cgt-arm_18.1.2.LTS\lib\</path>
         <kind>archive</kind>
         <file>rtsv7R4_T_be_v3D16_eabi.lib</file>
         <name>hostlseek.c.obj</name>
      </input_file>
      <input_file id="fl-41">
         <path>C:\ti\ccsv8\tools\compiler\ti-cgt-arm_18.1.2.LTS\lib\</path>
         <kind>archive</kind>
         <file>rtsv7R4_T_be_v3D16_eabi.lib</file>
         <name>hostopen.c.obj</name>
      </input_file>
      <input_file id="fl-42">
         <path>C:\ti\ccsv8\tools\compiler\ti-cgt-arm_18.1.2.LTS\lib\</path>
         <kind>archive</kind>
         <file>rtsv7R4_T_be_v3D16_eabi.lib</file>
         <name>hostread.c.obj</name>
      </input_file>
      <input_file id="fl-43">
         <path>C:\ti\ccsv8\tools\compiler\ti-cgt-arm_18.1.2.LTS\lib\</path>
         <kind>archive</kind>
         <file>rtsv7R4_T_be_v3D16_eabi.lib</file>
         <name>hostrename.c.obj</name>
      </input_file>
      <input_file id="fl-44">
         <path>C:\ti\ccsv8\tools\compiler\ti-cgt-arm_18.1.2.LTS\lib\</path>
         <kind>archive</kind>
         <file>rtsv7R4_T_be_v3D16_eabi.lib</file>
         <name>hostunlink.c.obj</name>
      </input_file>
      <input_file id="fl-45">
         <path>C:\ti\ccsv8\tools\compiler\ti-cgt-arm_18.1.2.LTS\lib\</path>
         <kind>archive</kind>
         <file>rtsv7R4_T_be_v3D16_eabi.lib</file>
         <name>hostwrite.c.obj</name>
      </input_file>
      <input_file id="fl-46">
         <path>C:\ti\ccsv8\tools\compiler\ti-cgt-arm_18.1.2.LTS\lib\</path>
         <kind>archive</kind>
         <file>rtsv7R4_T_be_v3D16_eabi.lib</file>
         <name>trgmsg.c.obj</name>
      </input_file>
      <input_file id="fl-47">
         <path>C:\ti\ccsv8\tools\compiler\ti-cgt-arm_18.1.2.LTS\lib\</path>
         <kind>archive</kind>
         <file>rtsv7R4_T_be_v3D16_eabi.lib</file>
         <name>memory.c.obj</name>
      </input_file>
      <input_file id="fl-48">
         <path>C:\ti\ccsv8\tools\compiler\ti-cgt-arm_18.1.2.LTS\lib\</path>
         <kind>archive</kind>
         <file>rtsv7R4_T_be_v3D16_eabi.lib</file>
         <name>fopen.c.obj</name>
      </input_file>
      <input_file id="fl-49">
         <path>C:\ti\ccsv8\tools\compiler\ti-cgt-arm_18.1.2.LTS\lib\</path>
         <kind>archive</kind>
         <file>rtsv7R4_T_be_v3D16_eabi.lib</file>
         <name>open.c.obj</name>
      </input_file>
      <input_file id="fl-4a">
         <path>C:\ti\ccsv8\tools\compiler\ti-cgt-arm_18.1.2.LTS\lib\</path>
         <kind>archive</kind>
         <file>rtsv7R4_T_be_v3D16_eabi.lib</file>
         <name>strcpy.c.obj</name>
      </input_file>
      <input_file id="fl-4b">
         <path>C:\ti\ccsv8\tools\compiler\ti-cgt-arm_18.1.2.LTS\lib\</path>
         <kind>archive</kind>
         <file>rtsv7R4_T_be_v3D16_eabi.lib</file>
         <name>fclose.c.obj</name>
      </input_file>
      <input_file id="fl-4c">
         <path>C:\ti\ccsv8\tools\compiler\ti-cgt-arm_18.1.2.LTS\lib\</path>
         <kind>archive</kind>
         <file>rtsv7R4_T_be_v3D16_eabi.lib</file>
         <name>getdevice.c.obj</name>
      </input_file>
      <input_file id="fl-4d">
         <path>C:\ti\ccsv8\tools\compiler\ti-cgt-arm_18.1.2.LTS\lib\</path>
         <kind>archive</kind>
         <file>rtsv7R4_T_be_v3D16_eabi.lib</file>
         <name>remove.c.obj</name>
      </input_file>
      <input_file id="fl-4e">
         <path>C:\ti\ccsv8\tools\compiler\ti-cgt-arm_18.1.2.LTS\lib\</path>
         <kind>archive</kind>
         <file>rtsv7R4_T_be_v3D16_eabi.lib</file>
         <name>strcmp.c.obj</name>
      </input_file>
      <input_file id="fl-4f">
         <path>C:\ti\ccsv8\tools\compiler\ti-cgt-arm_18.1.2.LTS\lib\</path>
         <kind>archive</kind>
         <file>rtsv7R4_T_be_v3D16_eabi.lib</file>
         <name>strncpy.c.obj</name>
      </input_file>
      <input_file id="fl-50">
         <path>C:\ti\ccsv8\tools\compiler\ti-cgt-arm_18.1.2.LTS\lib\</path>
         <kind>archive</kind>
         <file>rtsv7R4_T_be_v3D16_eabi.lib</file>
         <name>unlink.c.obj</name>
      </input_file>
      <input_file id="fl-51">
         <path>C:\ti\ccsv8\tools\compiler\ti-cgt-arm_18.1.2.LTS\lib\</path>
         <kind>archive</kind>
         <file>rtsv7R4_T_be_v3D16_eabi.lib</file>
         <name>close.c.obj</name>
      </input_file>
   </input_file_list>
   <object_component_list>
      <object_component id="oc-34">
         <name>.intvecs</name>
         <load_address>0x0</load_address>
         <run_address>0x0</run_address>
         <size>0x20</size>
         <input_file_ref idref="fl-d"/>
      </object_component>
      <object_component id="oc-88">
         <name>.text</name>
         <load_address>0x20</load_address>
         <run_address>0x20</run_address>
         <size>0x2cdc</size>
         <input_file_ref idref="fl-14"/>
      </object_component>
      <object_component id="oc-149">
         <name>.text</name>
         <load_address>0x2cfc</load_address>
         <run_address>0x2cfc</run_address>
         <size>0x1230</size>
         <input_file_ref idref="fl-2"/>
      </object_component>
      <object_component id="oc-82">
         <name>.text</name>
         <load_address>0x3f2c</load_address>
         <run_address>0x3f2c</run_address>
         <size>0xb64</size>
         <input_file_ref idref="fl-17"/>
      </object_component>
      <object_component id="oc-43">
         <name>.text</name>
         <load_address>0x4a90</load_address>
         <run_address>0x4a90</run_address>
         <size>0xa54</size>
         <input_file_ref idref="fl-16"/>
      </object_component>
      <object_component id="oc-21f">
         <name>.text:__TI_printfi</name>
         <load_address>0x54e4</load_address>
         <run_address>0x54e4</run_address>
         <size>0xa32</size>
         <input_file_ref idref="fl-28"/>
      </object_component>
      <object_component id="oc-2f7">
         <name>.text:_nop</name>
         <load_address>0x5f16</load_address>
         <run_address>0x5f16</run_address>
         <size>0x2</size>
         <input_file_ref idref="fl-24"/>
      </object_component>
      <object_component id="oc-137">
         <name>.text</name>
         <load_address>0x5f18</load_address>
         <run_address>0x5f18</run_address>
         <size>0xa2c</size>
         <input_file_ref idref="fl-a"/>
      </object_component>
      <object_component id="oc-eb">
         <name>.text</name>
         <load_address>0x6944</load_address>
         <run_address>0x6944</run_address>
         <size>0x8bc</size>
         <input_file_ref idref="fl-8"/>
      </object_component>
      <object_component id="oc-76">
         <name>.text</name>
         <load_address>0x7200</load_address>
         <run_address>0x7200</run_address>
         <size>0x664</size>
         <input_file_ref idref="fl-4"/>
      </object_component>
      <object_component id="oc-13d">
         <name>.text</name>
         <load_address>0x7864</load_address>
         <run_address>0x7864</run_address>
         <size>0x638</size>
         <input_file_ref idref="fl-9"/>
      </object_component>
      <object_component id="oc-8e">
         <name>.text</name>
         <load_address>0x7e9c</load_address>
         <run_address>0x7e9c</run_address>
         <size>0x5bc</size>
         <input_file_ref idref="fl-5"/>
      </object_component>
      <object_component id="oc-131">
         <name>.text</name>
         <load_address>0x8458</load_address>
         <run_address>0x8458</run_address>
         <size>0x484</size>
         <input_file_ref idref="fl-6"/>
      </object_component>
      <object_component id="oc-71">
         <name>.text</name>
         <load_address>0x88dc</load_address>
         <run_address>0x88dc</run_address>
         <size>0x34c</size>
         <input_file_ref idref="fl-b"/>
      </object_component>
      <object_component id="oc-95">
         <name>.text</name>
         <load_address>0x8c28</load_address>
         <run_address>0x8c28</run_address>
         <size>0x2d4</size>
         <input_file_ref idref="fl-e"/>
      </object_component>
      <object_component id="oc-3f">
         <name>.text:retain</name>
         <load_address>0x8efc</load_address>
         <run_address>0x8efc</run_address>
         <size>0x2cc</size>
         <input_file_ref idref="fl-16"/>
      </object_component>
      <object_component id="oc-35d">
         <name>.text</name>
         <load_address>0x91c8</load_address>
         <run_address>0x91c8</run_address>
         <size>0x2b8</size>
         <input_file_ref idref="fl-38"/>
      </object_component>
      <object_component id="oc-19">
         <name>.text:retain</name>
         <load_address>0x9480</load_address>
         <run_address>0x9480</run_address>
         <size>0x290</size>
         <input_file_ref idref="fl-15"/>
      </object_component>
      <object_component id="oc-2d3">
         <name>.text:_pconv_a</name>
         <load_address>0x9710</load_address>
         <run_address>0x9710</run_address>
         <size>0x248</size>
         <input_file_ref idref="fl-28"/>
      </object_component>
      <object_component id="oc-2e">
         <name>.text:retain</name>
         <load_address>0x9958</load_address>
         <run_address>0x9958</run_address>
         <size>0x204</size>
         <input_file_ref idref="fl-a"/>
      </object_component>
      <object_component id="oc-2c1">
         <name>.text:_pconv_g</name>
         <load_address>0x9b5c</load_address>
         <run_address>0x9b5c</run_address>
         <size>0x1a8</size>
         <input_file_ref idref="fl-28"/>
      </object_component>
      <object_component id="oc-305">
         <name>.text:fputs</name>
         <load_address>0x9d04</load_address>
         <run_address>0x9d04</run_address>
         <size>0x118</size>
         <input_file_ref idref="fl-2d"/>
      </object_component>
      <object_component id="oc-1f">
         <name>.text:retain</name>
         <load_address>0x9e1c</load_address>
         <run_address>0x9e1c</run_address>
         <size>0x114</size>
         <input_file_ref idref="fl-5"/>
      </object_component>
      <object_component id="oc-2cd">
         <name>.text:_pconv_e</name>
         <load_address>0x9f30</load_address>
         <run_address>0x9f30</run_address>
         <size>0x104</size>
         <input_file_ref idref="fl-28"/>
      </object_component>
      <object_component id="oc-376">
         <name>.text:fcvt</name>
         <load_address>0xa034</load_address>
         <run_address>0xa034</run_address>
         <size>0xfc</size>
         <input_file_ref idref="fl-28"/>
      </object_component>
      <object_component id="oc-38a">
         <name>.text:scalbn</name>
         <load_address>0xa130</load_address>
         <run_address>0xa130</run_address>
         <size>0xec</size>
         <input_file_ref idref="fl-35"/>
      </object_component>
      <object_component id="oc-b1">
         <name>.text</name>
         <load_address>0xa21c</load_address>
         <run_address>0xa21c</run_address>
         <size>0xe8</size>
         <input_file_ref idref="fl-3"/>
      </object_component>
      <object_component id="oc-211">
         <name>.text:floor</name>
         <load_address>0xa304</load_address>
         <run_address>0xa304</run_address>
         <size>0xe0</size>
         <input_file_ref idref="fl-1c"/>
      </object_component>
      <object_component id="oc-f3">
         <name>.text</name>
         <load_address>0xa3e4</load_address>
         <run_address>0xa3e4</run_address>
         <size>0xe0</size>
         <input_file_ref idref="fl-13"/>
      </object_component>
      <object_component id="oc-40d">
         <name>.text:setvbuf</name>
         <load_address>0xa4c4</load_address>
         <run_address>0xa4c4</run_address>
         <size>0xdc</size>
         <input_file_ref idref="fl-3e"/>
      </object_component>
      <object_component id="oc-43a">
         <name>.text:free</name>
         <load_address>0xa5a0</load_address>
         <run_address>0xa5a0</run_address>
         <size>0xd8</size>
         <input_file_ref idref="fl-47"/>
      </object_component>
      <object_component id="oc-9d">
         <name>.text</name>
         <load_address>0xa678</load_address>
         <run_address>0xa678</run_address>
         <size>0xd4</size>
         <input_file_ref idref="fl-7"/>
      </object_component>
      <object_component id="oc-2bb">
         <name>.text:_ltostr</name>
         <load_address>0xa74c</load_address>
         <run_address>0xa74c</run_address>
         <size>0xad</size>
         <input_file_ref idref="fl-28"/>
      </object_component>
      <object_component id="oc-59">
         <name>.text</name>
         <load_address>0xa7fa</load_address>
         <run_address>0xa7fa</run_address>
         <size>0x9c</size>
         <input_file_ref idref="fl-27"/>
      </object_component>
      <object_component id="oc-30c">
         <name>.text:fputc</name>
         <load_address>0xa898</load_address>
         <run_address>0xa898</run_address>
         <size>0x90</size>
         <input_file_ref idref="fl-2c"/>
      </object_component>
      <object_component id="oc-36f">
         <name>.text:_mcpy</name>
         <load_address>0xa928</load_address>
         <run_address>0xa928</run_address>
         <size>0x7a</size>
         <input_file_ref idref="fl-28"/>
      </object_component>
      <object_component id="oc-dd">
         <name>.text</name>
         <load_address>0xa9a2</load_address>
         <run_address>0xa9a2</run_address>
         <size>0x7a</size>
         <input_file_ref idref="fl-1d"/>
      </object_component>
      <object_component id="oc-440">
         <name>.text:malloc</name>
         <load_address>0xaa1c</load_address>
         <run_address>0xaa1c</run_address>
         <size>0x78</size>
         <input_file_ref idref="fl-47"/>
      </object_component>
      <object_component id="oc-485">
         <name>.text:__TI_closefile</name>
         <load_address>0xaa94</load_address>
         <run_address>0xaa94</run_address>
         <size>0x74</size>
         <input_file_ref idref="fl-4b"/>
      </object_component>
      <object_component id="oc-384">
         <name>.text:frexp</name>
         <load_address>0xab08</load_address>
         <run_address>0xab08</run_address>
         <size>0x74</size>
         <input_file_ref idref="fl-34"/>
      </object_component>
      <object_component id="oc-c">
         <name>.text:decompress:lzss:__TI_decompress_lzss</name>
         <load_address>0xab7c</load_address>
         <run_address>0xab7c</run_address>
         <size>0x6c</size>
         <input_file_ref idref="fl-22"/>
      </object_component>
      <object_component id="oc-4a9">
         <name>.text:HOSTlseek</name>
         <load_address>0xabe8</load_address>
         <run_address>0xabe8</run_address>
         <size>0x68</size>
         <input_file_ref idref="fl-40"/>
      </object_component>
      <object_component id="oc-4b5">
         <name>.text:HOSTrename</name>
         <load_address>0xac50</load_address>
         <run_address>0xac50</run_address>
         <size>0x68</size>
         <input_file_ref idref="fl-43"/>
      </object_component>
      <object_component id="oc-143">
         <name>.text:printf</name>
         <load_address>0xacb8</load_address>
         <run_address>0xacb8</run_address>
         <size>0x68</size>
         <input_file_ref idref="fl-25"/>
      </object_component>
      <object_component id="oc-3b6">
         <name>.text:__TI_wrt_ok</name>
         <load_address>0xad20</load_address>
         <run_address>0xad20</run_address>
         <size>0x64</size>
         <input_file_ref idref="fl-3a"/>
      </object_component>
      <object_component id="oc-407">
         <name>.text:fseek</name>
         <load_address>0xad84</load_address>
         <run_address>0xad84</run_address>
         <size>0x64</size>
         <input_file_ref idref="fl-3c"/>
      </object_component>
      <object_component id="oc-491">
         <name>.text:HOSTopen</name>
         <load_address>0xade8</load_address>
         <run_address>0xade8</run_address>
         <size>0x5c</size>
         <input_file_ref idref="fl-41"/>
      </object_component>
      <object_component id="oc-49d">
         <name>.text:HOSTread</name>
         <load_address>0xae44</load_address>
         <run_address>0xae44</run_address>
         <size>0x5c</size>
         <input_file_ref idref="fl-42"/>
      </object_component>
      <object_component id="oc-4a3">
         <name>.text:HOSTwrite</name>
         <load_address>0xaea0</load_address>
         <run_address>0xaea0</run_address>
         <size>0x58</size>
         <input_file_ref idref="fl-45"/>
      </object_component>
      <object_component id="oc-4c4">
         <name>.text:close</name>
         <load_address>0xaef8</load_address>
         <run_address>0xaef8</run_address>
         <size>0x58</size>
         <input_file_ref idref="fl-51"/>
      </object_component>
      <object_component id="oc-369">
         <name>.text:_ecpy</name>
         <load_address>0xaf50</load_address>
         <run_address>0xaf50</run_address>
         <size>0x54</size>
         <input_file_ref idref="fl-28"/>
      </object_component>
      <object_component id="oc-363">
         <name>.text:ltoa</name>
         <load_address>0xafa4</load_address>
         <run_address>0xafa4</run_address>
         <size>0x54</size>
         <input_file_ref idref="fl-2e"/>
      </object_component>
      <object_component id="oc-2c7">
         <name>.text:_pconv_f</name>
         <load_address>0xaff8</load_address>
         <run_address>0xaff8</run_address>
         <size>0x50</size>
         <input_file_ref idref="fl-28"/>
      </object_component>
      <object_component id="oc-2b5">
         <name>.text:atoi</name>
         <load_address>0xb048</load_address>
         <run_address>0xb048</run_address>
         <size>0x50</size>
         <input_file_ref idref="fl-29"/>
      </object_component>
      <object_component id="oc-3c2">
         <name>.text:__TI_doflush</name>
         <load_address>0xb098</load_address>
         <run_address>0xb098</run_address>
         <size>0x4c</size>
         <input_file_ref idref="fl-3b"/>
      </object_component>
      <object_component id="oc-28">
         <name>.text:retain</name>
         <load_address>0xb0e4</load_address>
         <run_address>0xb0e4</run_address>
         <size>0x4c</size>
         <input_file_ref idref="fl-9"/>
      </object_component>
      <object_component id="oc-497">
         <name>.text:HOSTclose</name>
         <load_address>0xb130</load_address>
         <run_address>0xb130</run_address>
         <size>0x44</size>
         <input_file_ref idref="fl-3f"/>
      </object_component>
      <object_component id="oc-4af">
         <name>.text:HOSTunlink</name>
         <load_address>0xb174</load_address>
         <run_address>0xb174</run_address>
         <size>0x44</size>
         <input_file_ref idref="fl-44"/>
      </object_component>
      <object_component id="oc-101">
         <name>.text:__TI_auto_init_nobinit_nopinit:__TI_auto_init_nobinit_nopinit</name>
         <load_address>0xb1b8</load_address>
         <run_address>0xb1b8</run_address>
         <size>0x44</size>
         <input_file_ref idref="fl-1e"/>
      </object_component>
      <object_component id="oc-15c">
         <name>.text:exit</name>
         <load_address>0xb1fc</load_address>
         <run_address>0xb1fc</run_address>
         <size>0x44</size>
         <input_file_ref idref="fl-23"/>
      </object_component>
      <object_component id="oc-4f9">
         <name>.text:getdevice</name>
         <load_address>0xb240</load_address>
         <run_address>0xb240</run_address>
         <size>0x44</size>
         <input_file_ref idref="fl-4c"/>
      </object_component>
      <object_component id="oc-37c">
         <name>.text:_fcpy</name>
         <load_address>0xb284</load_address>
         <run_address>0xb284</run_address>
         <size>0x40</size>
         <input_file_ref idref="fl-28"/>
      </object_component>
      <object_component id="oc-23e">
         <name>.text:vsnprintf</name>
         <load_address>0xb2c4</load_address>
         <run_address>0xb2c4</run_address>
         <size>0x40</size>
         <input_file_ref idref="fl-26"/>
      </object_component>
      <object_component id="oc-4d5">
         <name>.text:__TI_writemsg</name>
         <load_address>0xb304</load_address>
         <run_address>0xb304</run_address>
         <size>0x3c</size>
         <input_file_ref idref="fl-46"/>
      </object_component>
      <object_component id="oc-47a">
         <name>.text:minsert</name>
         <load_address>0xb340</load_address>
         <run_address>0xb340</run_address>
         <size>0x3c</size>
         <input_file_ref idref="fl-47"/>
      </object_component>
      <object_component id="oc-46e">
         <name>.text:minit</name>
         <load_address>0xb37c</load_address>
         <run_address>0xb37c</run_address>
         <size>0x38</size>
         <input_file_ref idref="fl-47"/>
      </object_component>
      <object_component id="oc-51b">
         <name>.text:strncpy</name>
         <load_address>0xb3b4</load_address>
         <run_address>0xb3b4</run_address>
         <size>0x36</size>
         <input_file_ref idref="fl-4f"/>
      </object_component>
      <object_component id="oc-446">
         <name>.text:__TI_cleanup</name>
         <load_address>0xb3ec</load_address>
         <run_address>0xb3ec</run_address>
         <size>0x34</size>
         <input_file_ref idref="fl-48"/>
      </object_component>
      <object_component id="oc-4db">
         <name>.text:__TI_readmsg</name>
         <load_address>0xb420</load_address>
         <run_address>0xb420</run_address>
         <size>0x34</size>
         <input_file_ref idref="fl-46"/>
      </object_component>
      <object_component id="oc-521">
         <name>.text:finddevice</name>
         <load_address>0xb454</load_address>
         <run_address>0xb454</run_address>
         <size>0x34</size>
         <input_file_ref idref="fl-4c"/>
      </object_component>
      <object_component id="oc-31a">
         <name>.text:_outs</name>
         <load_address>0xb488</load_address>
         <run_address>0xb488</run_address>
         <size>0x30</size>
         <input_file_ref idref="fl-26"/>
      </object_component>
      <object_component id="oc-4ca">
         <name>.text:unlink</name>
         <load_address>0xb4b8</load_address>
         <run_address>0xb4b8</run_address>
         <size>0x2c</size>
         <input_file_ref idref="fl-50"/>
      </object_component>
      <object_component id="oc-432">
         <name>.text:lseek</name>
         <load_address>0xb4e4</load_address>
         <run_address>0xb4e4</run_address>
         <size>0x28</size>
         <input_file_ref idref="fl-3d"/>
      </object_component>
      <object_component id="oc-474">
         <name>.text:mremove</name>
         <load_address>0xb50c</load_address>
         <run_address>0xb50c</run_address>
         <size>0x28</size>
         <input_file_ref idref="fl-47"/>
      </object_component>
      <object_component id="oc-3c8">
         <name>.text:write</name>
         <load_address>0xb534</load_address>
         <run_address>0xb534</run_address>
         <size>0x28</size>
         <input_file_ref idref="fl-33"/>
      </object_component>
      <object_component id="oc-3bc">
         <name>.text:memchr</name>
         <load_address>0xb55c</load_address>
         <run_address>0xb55c</run_address>
         <size>0x20</size>
         <input_file_ref idref="fl-30"/>
      </object_component>
      <object_component id="oc-2d9">
         <name>.text:memccpy</name>
         <load_address>0xb57c</load_address>
         <run_address>0xb57c</run_address>
         <size>0x1c</size>
         <input_file_ref idref="fl-2f"/>
      </object_component>
      <object_component id="oc-320">
         <name>.text:_outc</name>
         <load_address>0xb598</load_address>
         <run_address>0xb598</run_address>
         <size>0x18</size>
         <input_file_ref idref="fl-26"/>
      </object_component>
      <object_component id="oc-3eb">
         <name>.text:copysign</name>
         <load_address>0xb5b0</load_address>
         <run_address>0xb5b0</run_address>
         <size>0x18</size>
         <input_file_ref idref="fl-36"/>
      </object_component>
      <object_component id="oc-538">
         <name>.text:strcmp</name>
         <load_address>0xb5c8</load_address>
         <run_address>0xb5c8</run_address>
         <size>0x18</size>
         <input_file_ref idref="fl-4e"/>
      </object_component>
      <object_component id="oc-390">
         <name>.text:strchr</name>
         <load_address>0xb5e0</load_address>
         <run_address>0xb5e0</run_address>
         <size>0x16</size>
         <input_file_ref idref="fl-31"/>
      </object_component>
      <object_component id="oc-2af">
         <name>.text:strlen</name>
         <load_address>0xb5f6</load_address>
         <run_address>0xb5f6</run_address>
         <size>0x16</size>
         <input_file_ref idref="fl-32"/>
      </object_component>
      <object_component id="oc-4ef">
         <name>.text:strcpy</name>
         <load_address>0xb60c</load_address>
         <run_address>0xb60c</run_address>
         <size>0x14</size>
         <input_file_ref idref="fl-4a"/>
      </object_component>
      <object_component id="oc-65">
         <name>.text:decompress:ZI:__TI_zero_init_nomemset:__TI_zero_init_nomemset</name>
         <load_address>0xb620</load_address>
         <run_address>0xb620</run_address>
         <size>0x12</size>
         <input_file_ref idref="fl-20"/>
      </object_component>
      <object_component id="oc-2df">
         <name>.text:wcslen</name>
         <load_address>0xb632</load_address>
         <run_address>0xb632</run_address>
         <size>0x12</size>
         <input_file_ref idref="fl-37"/>
      </object_component>
      <object_component id="oc-12">
         <name>.text:decompress:none:__TI_decompress_none</name>
         <load_address>0xb644</load_address>
         <run_address>0xb644</run_address>
         <size>0xe</size>
         <input_file_ref idref="fl-21"/>
      </object_component>
      <object_component id="oc-2e5">
         <name>.text:__aeabi_errno_addr</name>
         <load_address>0xb654</load_address>
         <run_address>0xb654</run_address>
         <size>0x8</size>
         <input_file_ref idref="fl-39"/>
      </object_component>
      <object_component id="oc-231">
         <name>.text:_outc</name>
         <load_address>0xb65c</load_address>
         <run_address>0xb65c</run_address>
         <size>0x4</size>
         <input_file_ref idref="fl-25"/>
      </object_component>
      <object_component id="oc-22b">
         <name>.text:_outs</name>
         <load_address>0xb660</load_address>
         <run_address>0xb660</run_address>
         <size>0x4</size>
         <input_file_ref idref="fl-25"/>
      </object_component>
      <object_component id="oc-156">
         <name>.text:abort:abort</name>
         <load_address>0xb664</load_address>
         <run_address>0xb664</run_address>
         <size>0x4</size>
         <input_file_ref idref="fl-23"/>
      </object_component>
      <object_component id="oc-39">
         <name>.text:retain</name>
         <load_address>0xb668</load_address>
         <run_address>0xb668</run_address>
         <size>0x4</size>
         <input_file_ref idref="fl-11"/>
      </object_component>
      <object_component id="oc-7c">
         <name>.text</name>
         <load_address>0xb66c</load_address>
         <run_address>0xb66c</run_address>
         <size>0x4</size>
         <input_file_ref idref="fl-15"/>
      </object_component>
      <object_component id="oc-24c">
         <name>.const:crc16_table</name>
         <load_address>0xb670</load_address>
         <run_address>0xb670</run_address>
         <size>0x200</size>
         <input_file_ref idref="fl-2"/>
      </object_component>
      <object_component id="oc-25">
         <name>.const:s_vim_init</name>
         <load_address>0xb870</load_address>
         <run_address>0xb870</run_address>
         <size>0x200</size>
         <input_file_ref idref="fl-16"/>
      </object_component>
      <object_component id="oc-358">
         <name>.const:.string:_ctypes_</name>
         <load_address>0xba70</load_address>
         <run_address>0xba70</run_address>
         <size>0x101</size>
         <input_file_ref idref="fl-2a"/>
      </object_component>
      <object_component id="oc-56c">
         <name>.cinit..data.load</name>
         <load_address>0xbb78</load_address>
         <run_address>0xbb78</run_address>
         <size>0x78</size>
      </object_component>
      <object_component id="oc-569">
         <name>__TI_handler_table</name>
         <load_address>0xbbf0</load_address>
         <run_address>0xbbf0</run_address>
         <size>0xc</size>
      </object_component>
      <object_component id="oc-56b">
         <name>.cinit..bss.load</name>
         <load_address>0xbc00</load_address>
         <run_address>0xbc00</run_address>
         <size>0x8</size>
      </object_component>
      <object_component id="oc-56a">
         <name>__TI_cinit_table</name>
         <load_address>0xbc08</load_address>
         <run_address>0xbc08</run_address>
         <size>0x10</size>
      </object_component>
      <object_component id="oc-ad">
         <name>.bss:g_sciTransfer_t</name>
         <uninitialized>true</uninitialized>
         <run_address>0x8001f00</run_address>
         <size>0x28</size>
         <input_file_ref idref="fl-a"/>
      </object_component>
      <object_component id="oc-503">
         <name>.bss:_CIOBUF_</name>
         <uninitialized>true</uninitialized>
         <run_address>0x8001d00</run_address>
         <size>0x120</size>
         <input_file_ref idref="fl-46"/>
      </object_component>
      <object_component id="oc-24a">
         <name>.common:bBuf</name>
         <uninitialized>true</uninitialized>
         <run_address>0x8001f38</run_address>
         <size>0x8</size>
      </object_component>
      <object_component id="oc-24b">
         <name>.common:pFrame</name>
         <uninitialized>true</uninitialized>
         <run_address>0x8001ec0</run_address>
         <size>0x40</size>
      </object_component>
      <object_component id="oc-247">
         <name>.common:autoaddr_response_frame</name>
         <uninitialized>true</uninitialized>
         <run_address>0x8001f28</run_address>
         <size>0x10</size>
      </object_component>
      <object_component id="oc-4d0">
         <name>.common:__TI_tmpnams</name>
         <uninitialized>true</uninitialized>
         <run_address>0x8001e20</run_address>
         <size>0xa0</size>
      </object_component>
      <object_component id="oc-4e1">
         <name>.common:parmbuf</name>
         <uninitialized>true</uninitialized>
         <run_address>0x8001f40</run_address>
         <size>0x8</size>
      </object_component>
      <object_component id="oc-244">
         <name>.data</name>
         <load_address>0x8002100</load_address>
         <run_address>0x8002100</run_address>
         <size>0x2c</size>
         <input_file_ref idref="fl-2"/>
      </object_component>
      <object_component id="oc-162">
         <name>.data</name>
         <load_address>0x800215c</load_address>
         <run_address>0x800215c</run_address>
         <size>0x8</size>
         <input_file_ref idref="fl-e"/>
      </object_component>
      <object_component id="oc-262">
         <name>.data:$O1$$</name>
         <load_address>0x800213c</load_address>
         <run_address>0x800213c</run_address>
         <size>0xc</size>
         <input_file_ref idref="fl-23"/>
      </object_component>
      <object_component id="oc-225">
         <name>.data:$O1$$</name>
         <load_address>0x8002154</load_address>
         <run_address>0x8002154</run_address>
         <size>0x8</size>
         <input_file_ref idref="fl-24"/>
      </object_component>
      <object_component id="oc-228">
         <name>.data:_ftable</name>
         <load_address>0x8001f48</load_address>
         <run_address>0x8001f48</run_address>
         <size>0xf0</size>
         <input_file_ref idref="fl-2b"/>
      </object_component>
      <object_component id="oc-48b">
         <name>.data</name>
         <load_address>0x800212c</load_address>
         <run_address>0x800212c</run_address>
         <size>0x10</size>
         <input_file_ref idref="fl-2b"/>
      </object_component>
      <object_component id="oc-459">
         <name>.data:_device</name>
         <load_address>0x8002038</load_address>
         <run_address>0x8002038</run_address>
         <size>0x78</size>
         <input_file_ref idref="fl-33"/>
      </object_component>
      <object_component id="oc-419">
         <name>.data:_stream</name>
         <load_address>0x80020b0</load_address>
         <run_address>0x80020b0</run_address>
         <size>0x50</size>
         <input_file_ref idref="fl-33"/>
      </object_component>
      <object_component id="oc-3a0">
         <name>.data</name>
         <load_address>0x8002164</load_address>
         <run_address>0x8002164</run_address>
         <size>0x4</size>
         <input_file_ref idref="fl-39"/>
      </object_component>
      <object_component id="oc-480">
         <name>.data:$O1$$</name>
         <load_address>0x8002148</load_address>
         <run_address>0x8002148</run_address>
         <size>0xc</size>
         <input_file_ref idref="fl-47"/>
      </object_component>
      <object_component id="oc-4b">
         <name>.sysmem</name>
         <uninitialized>true</uninitialized>
         <run_address>0x8001500</run_address>
         <size>0x8</size>
         <input_file_ref idref="fl-47"/>
      </object_component>
      <object_component id="oc-56d">
         <name>.sysmem</name>
         <uninitialized>true</uninitialized>
         <run_address>0x8001500</run_address>
         <size>0x0</size>
      </object_component>
      <object_component id="oc-248">
         <name>.debug_info</name>
         <load_address>0x0</load_address>
         <run_address>0x0</run_address>
         <size>0x712</size>
         <input_file_ref idref="fl-2"/>
      </object_component>
      <object_component id="oc-245">
         <name>.debug_info</name>
         <load_address>0x712</load_address>
         <run_address>0x712</run_address>
         <size>0x269</size>
         <input_file_ref idref="fl-2"/>
      </object_component>
      <object_component id="oc-24d">
         <name>.debug_info</name>
         <load_address>0x97b</load_address>
         <run_address>0x97b</run_address>
         <size>0x11c</size>
         <input_file_ref idref="fl-2"/>
      </object_component>
      <object_component id="oc-14a">
         <name>.debug_info</name>
         <load_address>0xa97</load_address>
         <run_address>0xa97</run_address>
         <size>0x1037</size>
         <input_file_ref idref="fl-2"/>
      </object_component>
      <object_component id="oc-257">
         <name>.debug_info</name>
         <load_address>0x1ace</load_address>
         <run_address>0x1ace</run_address>
         <size>0x306</size>
         <input_file_ref idref="fl-2"/>
      </object_component>
      <object_component id="oc-173">
         <name>.debug_info</name>
         <load_address>0x1dd4</load_address>
         <run_address>0x1dd4</run_address>
         <size>0x26b</size>
         <input_file_ref idref="fl-2"/>
      </object_component>
      <object_component id="oc-a4">
         <name>.debug_info</name>
         <load_address>0x203f</load_address>
         <run_address>0x203f</run_address>
         <size>0x157</size>
         <input_file_ref idref="fl-2"/>
      </object_component>
      <object_component id="oc-150">
         <name>.debug_info</name>
         <load_address>0x2196</load_address>
         <run_address>0x2196</run_address>
         <size>0x8b</size>
         <input_file_ref idref="fl-2"/>
      </object_component>
      <object_component id="oc-271">
         <name>.debug_info</name>
         <load_address>0x2221</load_address>
         <run_address>0x2221</run_address>
         <size>0x297</size>
         <input_file_ref idref="fl-2"/>
      </object_component>
      <object_component id="oc-16c">
         <name>.debug_info</name>
         <load_address>0x24b8</load_address>
         <run_address>0x24b8</run_address>
         <size>0xbb</size>
         <input_file_ref idref="fl-2"/>
      </object_component>
      <object_component id="oc-250">
         <name>.debug_info</name>
         <load_address>0x2573</load_address>
         <run_address>0x2573</run_address>
         <size>0x46</size>
         <input_file_ref idref="fl-2"/>
      </object_component>
      <object_component id="oc-1b2">
         <name>.debug_info</name>
         <load_address>0x25b9</load_address>
         <run_address>0x25b9</run_address>
         <size>0x2c</size>
         <input_file_ref idref="fl-2"/>
      </object_component>
      <object_component id="oc-bf">
         <name>.debug_info</name>
         <load_address>0x25e5</load_address>
         <run_address>0x25e5</run_address>
         <size>0x86</size>
         <input_file_ref idref="fl-2"/>
      </object_component>
      <object_component id="oc-239">
         <name>.debug_info</name>
         <load_address>0x266b</load_address>
         <run_address>0x266b</run_address>
         <size>0x2c</size>
         <input_file_ref idref="fl-2"/>
      </object_component>
      <object_component id="oc-219">
         <name>.debug_info</name>
         <load_address>0x2697</load_address>
         <run_address>0x2697</run_address>
         <size>0x1d4</size>
         <input_file_ref idref="fl-2"/>
      </object_component>
      <object_component id="oc-182">
         <name>.debug_info</name>
         <load_address>0x286b</load_address>
         <run_address>0x286b</run_address>
         <size>0x1f9</size>
         <input_file_ref idref="fl-2"/>
      </object_component>
      <object_component id="oc-2a1">
         <name>.debug_info</name>
         <load_address>0x2a64</load_address>
         <run_address>0x2a64</run_address>
         <size>0x12a</size>
         <input_file_ref idref="fl-2"/>
      </object_component>
      <object_component id="oc-25c">
         <name>.debug_info</name>
         <load_address>0x2b8e</load_address>
         <run_address>0x2b8e</run_address>
         <size>0x243</size>
         <input_file_ref idref="fl-2"/>
      </object_component>
      <object_component id="oc-27d">
         <name>.debug_info</name>
         <load_address>0x2dd1</load_address>
         <run_address>0x2dd1</run_address>
         <size>0x18e</size>
         <input_file_ref idref="fl-2"/>
      </object_component>
      <object_component id="oc-b3">
         <name>.debug_info</name>
         <load_address>0x2f5f</load_address>
         <run_address>0x2f5f</run_address>
         <size>0x136</size>
         <input_file_ref idref="fl-3"/>
      </object_component>
      <object_component id="oc-1ba">
         <name>.debug_info</name>
         <load_address>0x3095</load_address>
         <run_address>0x3095</run_address>
         <size>0x2f2</size>
         <input_file_ref idref="fl-4"/>
      </object_component>
      <object_component id="oc-79">
         <name>.debug_info</name>
         <load_address>0x3387</load_address>
         <run_address>0x3387</run_address>
         <size>0x673</size>
         <input_file_ref idref="fl-4"/>
      </object_component>
      <object_component id="oc-54">
         <name>.debug_info</name>
         <load_address>0x39fa</load_address>
         <run_address>0x39fa</run_address>
         <size>0x84</size>
         <input_file_ref idref="fl-4"/>
      </object_component>
      <object_component id="oc-e5">
         <name>.debug_info</name>
         <load_address>0x3a7e</load_address>
         <run_address>0x3a7e</run_address>
         <size>0x9e7</size>
         <input_file_ref idref="fl-4"/>
      </object_component>
      <object_component id="oc-100">
         <name>.debug_info</name>
         <load_address>0x4465</load_address>
         <run_address>0x4465</run_address>
         <size>0x34a</size>
         <input_file_ref idref="fl-5"/>
      </object_component>
      <object_component id="oc-8f">
         <name>.debug_info</name>
         <load_address>0x47af</load_address>
         <run_address>0x47af</run_address>
         <size>0xb5f</size>
         <input_file_ref idref="fl-5"/>
      </object_component>
      <object_component id="oc-20">
         <name>.debug_info</name>
         <load_address>0x530e</load_address>
         <run_address>0x530e</run_address>
         <size>0x1bf</size>
         <input_file_ref idref="fl-5"/>
      </object_component>
      <object_component id="oc-ba">
         <name>.debug_info</name>
         <load_address>0x54cd</load_address>
         <run_address>0x54cd</run_address>
         <size>0x18c</size>
         <input_file_ref idref="fl-5"/>
      </object_component>
      <object_component id="oc-178">
         <name>.debug_info</name>
         <load_address>0x5659</load_address>
         <run_address>0x5659</run_address>
         <size>0x1de</size>
         <input_file_ref idref="fl-5"/>
      </object_component>
      <object_component id="oc-fb">
         <name>.debug_info</name>
         <load_address>0x5837</load_address>
         <run_address>0x5837</run_address>
         <size>0x129</size>
         <input_file_ref idref="fl-5"/>
      </object_component>
      <object_component id="oc-191">
         <name>.debug_info</name>
         <load_address>0x5960</load_address>
         <run_address>0x5960</run_address>
         <size>0x2d0</size>
         <input_file_ref idref="fl-5"/>
      </object_component>
      <object_component id="oc-210">
         <name>.debug_info</name>
         <load_address>0x5c30</load_address>
         <run_address>0x5c30</run_address>
         <size>0x2cd</size>
         <input_file_ref idref="fl-6"/>
      </object_component>
      <object_component id="oc-132">
         <name>.debug_info</name>
         <load_address>0x5efd</load_address>
         <run_address>0x5efd</run_address>
         <size>0x717</size>
         <input_file_ref idref="fl-6"/>
      </object_component>
      <object_component id="oc-166">
         <name>.debug_info</name>
         <load_address>0x6614</load_address>
         <run_address>0x6614</run_address>
         <size>0x533</size>
         <input_file_ref idref="fl-7"/>
      </object_component>
      <object_component id="oc-9e">
         <name>.debug_info</name>
         <load_address>0x6b47</load_address>
         <run_address>0x6b47</run_address>
         <size>0x7fc</size>
         <input_file_ref idref="fl-7"/>
      </object_component>
      <object_component id="oc-1bf">
         <name>.debug_info</name>
         <load_address>0x7343</load_address>
         <run_address>0x7343</run_address>
         <size>0x791</size>
         <input_file_ref idref="fl-7"/>
      </object_component>
      <object_component id="oc-1c4">
         <name>.debug_info</name>
         <load_address>0x7ad4</load_address>
         <run_address>0x7ad4</run_address>
         <size>0x4de</size>
         <input_file_ref idref="fl-7"/>
      </object_component>
      <object_component id="oc-1c9">
         <name>.debug_info</name>
         <load_address>0x7fb2</load_address>
         <run_address>0x7fb2</run_address>
         <size>0x3ce</size>
         <input_file_ref idref="fl-7"/>
      </object_component>
      <object_component id="oc-26c">
         <name>.debug_info</name>
         <load_address>0x8380</load_address>
         <run_address>0x8380</run_address>
         <size>0x7cd</size>
         <input_file_ref idref="fl-7"/>
      </object_component>
      <object_component id="oc-167">
         <name>.debug_info</name>
         <load_address>0x8b4d</load_address>
         <run_address>0x8b4d</run_address>
         <size>0x673</size>
         <input_file_ref idref="fl-7"/>
      </object_component>
      <object_component id="oc-1ce">
         <name>.debug_info</name>
         <load_address>0x91c0</load_address>
         <run_address>0x91c0</run_address>
         <size>0x437</size>
         <input_file_ref idref="fl-7"/>
      </object_component>
      <object_component id="oc-1f9">
         <name>.debug_info</name>
         <load_address>0x95f7</load_address>
         <run_address>0x95f7</run_address>
         <size>0x37b</size>
         <input_file_ref idref="fl-7"/>
      </object_component>
      <object_component id="oc-1d3">
         <name>.debug_info</name>
         <load_address>0x9972</load_address>
         <run_address>0x9972</run_address>
         <size>0x1ca</size>
         <input_file_ref idref="fl-7"/>
      </object_component>
      <object_component id="oc-17d">
         <name>.debug_info</name>
         <load_address>0x9b3c</load_address>
         <run_address>0x9b3c</run_address>
         <size>0x435</size>
         <input_file_ref idref="fl-7"/>
      </object_component>
      <object_component id="oc-1ec">
         <name>.debug_info</name>
         <load_address>0x9f71</load_address>
         <run_address>0x9f71</run_address>
         <size>0x551</size>
         <input_file_ref idref="fl-7"/>
      </object_component>
      <object_component id="oc-1d8">
         <name>.debug_info</name>
         <load_address>0xa4c2</load_address>
         <run_address>0xa4c2</run_address>
         <size>0x3d3</size>
         <input_file_ref idref="fl-7"/>
      </object_component>
      <object_component id="oc-1e2">
         <name>.debug_info</name>
         <load_address>0xa895</load_address>
         <run_address>0xa895</run_address>
         <size>0x1de</size>
         <input_file_ref idref="fl-7"/>
      </object_component>
      <object_component id="oc-1f1">
         <name>.debug_info</name>
         <load_address>0xaa73</load_address>
         <run_address>0xaa73</run_address>
         <size>0x17a</size>
         <input_file_ref idref="fl-7"/>
      </object_component>
      <object_component id="oc-187">
         <name>.debug_info</name>
         <load_address>0xabed</load_address>
         <run_address>0xabed</run_address>
         <size>0x6a6</size>
         <input_file_ref idref="fl-7"/>
      </object_component>
      <object_component id="oc-18c">
         <name>.debug_info</name>
         <load_address>0xb293</load_address>
         <run_address>0xb293</run_address>
         <size>0x13e</size>
         <input_file_ref idref="fl-7"/>
      </object_component>
      <object_component id="oc-1bc">
         <name>.debug_info</name>
         <load_address>0xb3d1</load_address>
         <run_address>0xb3d1</run_address>
         <size>0x2b4</size>
         <input_file_ref idref="fl-8"/>
      </object_component>
      <object_component id="oc-ec">
         <name>.debug_info</name>
         <load_address>0xb685</load_address>
         <run_address>0xb685</run_address>
         <size>0x21d</size>
         <input_file_ref idref="fl-8"/>
      </object_component>
      <object_component id="oc-1dd">
         <name>.debug_info</name>
         <load_address>0xb8a2</load_address>
         <run_address>0xb8a2</run_address>
         <size>0x508</size>
         <input_file_ref idref="fl-8"/>
      </object_component>
      <object_component id="oc-286">
         <name>.debug_info</name>
         <load_address>0xbdaa</load_address>
         <run_address>0xbdaa</run_address>
         <size>0x43c</size>
         <input_file_ref idref="fl-8"/>
      </object_component>
      <object_component id="oc-21e">
         <name>.debug_info</name>
         <load_address>0xc1e6</load_address>
         <run_address>0xc1e6</run_address>
         <size>0x31d</size>
         <input_file_ref idref="fl-9"/>
      </object_component>
      <object_component id="oc-13e">
         <name>.debug_info</name>
         <load_address>0xc503</load_address>
         <run_address>0xc503</run_address>
         <size>0xd5b</size>
         <input_file_ref idref="fl-9"/>
      </object_component>
      <object_component id="oc-29">
         <name>.debug_info</name>
         <load_address>0xd25e</load_address>
         <run_address>0xd25e</run_address>
         <size>0x179</size>
         <input_file_ref idref="fl-9"/>
      </object_component>
      <object_component id="oc-19d">
         <name>.debug_info</name>
         <load_address>0xd3d7</load_address>
         <run_address>0xd3d7</run_address>
         <size>0x34f</size>
         <input_file_ref idref="fl-a"/>
      </object_component>
      <object_component id="oc-ae">
         <name>.debug_info</name>
         <load_address>0xd726</load_address>
         <run_address>0xd726</run_address>
         <size>0x11e</size>
         <input_file_ref idref="fl-a"/>
      </object_component>
      <object_component id="oc-139">
         <name>.debug_info</name>
         <load_address>0xd844</load_address>
         <run_address>0xd844</run_address>
         <size>0xd39</size>
         <input_file_ref idref="fl-a"/>
      </object_component>
      <object_component id="oc-30">
         <name>.debug_info</name>
         <load_address>0xe57d</load_address>
         <run_address>0xe57d</run_address>
         <size>0x251</size>
         <input_file_ref idref="fl-a"/>
      </object_component>
      <object_component id="oc-278">
         <name>.debug_info</name>
         <load_address>0xe7ce</load_address>
         <run_address>0xe7ce</run_address>
         <size>0x91</size>
         <input_file_ref idref="fl-a"/>
      </object_component>
      <object_component id="oc-72">
         <name>.debug_info</name>
         <load_address>0xe85f</load_address>
         <run_address>0xe85f</run_address>
         <size>0x82b</size>
         <input_file_ref idref="fl-b"/>
      </object_component>
      <object_component id="oc-37">
         <name>.debug_info</name>
         <load_address>0xf08a</load_address>
         <run_address>0xf08a</run_address>
         <size>0x13e</size>
         <input_file_ref idref="fl-d"/>
      </object_component>
      <object_component id="oc-155">
         <name>.debug_info</name>
         <load_address>0xf1c8</load_address>
         <run_address>0xf1c8</run_address>
         <size>0x5f0</size>
         <input_file_ref idref="fl-e"/>
      </object_component>
      <object_component id="oc-163">
         <name>.debug_info</name>
         <load_address>0xf7b8</load_address>
         <run_address>0xf7b8</run_address>
         <size>0x143</size>
         <input_file_ref idref="fl-e"/>
      </object_component>
      <object_component id="oc-96">
         <name>.debug_info</name>
         <load_address>0xf8fb</load_address>
         <run_address>0xf8fb</run_address>
         <size>0x3cd</size>
         <input_file_ref idref="fl-e"/>
      </object_component>
      <object_component id="oc-28b">
         <name>.debug_info</name>
         <load_address>0xfcc8</load_address>
         <run_address>0xfcc8</run_address>
         <size>0x2d3</size>
         <input_file_ref idref="fl-10"/>
      </object_component>
      <object_component id="oc-33e">
         <name>.debug_info</name>
         <load_address>0xff9b</load_address>
         <run_address>0xff9b</run_address>
         <size>0x242</size>
         <input_file_ref idref="fl-10"/>
      </object_component>
      <object_component id="oc-1e7">
         <name>.debug_info</name>
         <load_address>0x101dd</load_address>
         <run_address>0x101dd</run_address>
         <size>0x2af</size>
         <input_file_ref idref="fl-10"/>
      </object_component>
      <object_component id="oc-3a">
         <name>.debug_info</name>
         <load_address>0x1048c</load_address>
         <run_address>0x1048c</run_address>
         <size>0x170</size>
         <input_file_ref idref="fl-11"/>
      </object_component>
      <object_component id="oc-f6">
         <name>.debug_info</name>
         <load_address>0x105fc</load_address>
         <run_address>0x105fc</run_address>
         <size>0x39d</size>
         <input_file_ref idref="fl-13"/>
      </object_component>
      <object_component id="oc-f9">
         <name>.debug_info</name>
         <load_address>0x10999</load_address>
         <run_address>0x10999</run_address>
         <size>0x6a3</size>
         <input_file_ref idref="fl-14"/>
      </object_component>
      <object_component id="oc-89">
         <name>.debug_info</name>
         <load_address>0x1103c</load_address>
         <run_address>0x1103c</run_address>
         <size>0x2ec2</size>
         <input_file_ref idref="fl-14"/>
      </object_component>
      <object_component id="oc-1b">
         <name>.debug_info</name>
         <load_address>0x13efe</load_address>
         <run_address>0x13efe</run_address>
         <size>0x616</size>
         <input_file_ref idref="fl-15"/>
      </object_component>
      <object_component id="oc-7e">
         <name>.debug_info</name>
         <load_address>0x14514</load_address>
         <run_address>0x14514</run_address>
         <size>0x169</size>
         <input_file_ref idref="fl-15"/>
      </object_component>
      <object_component id="oc-ab">
         <name>.debug_info</name>
         <load_address>0x1467d</load_address>
         <run_address>0x1467d</run_address>
         <size>0x4df</size>
         <input_file_ref idref="fl-16"/>
      </object_component>
      <object_component id="oc-26">
         <name>.debug_info</name>
         <load_address>0x14b5c</load_address>
         <run_address>0x14b5c</run_address>
         <size>0x118</size>
         <input_file_ref idref="fl-16"/>
      </object_component>
      <object_component id="oc-45">
         <name>.debug_info</name>
         <load_address>0x14c74</load_address>
         <run_address>0x14c74</run_address>
         <size>0x4aa</size>
         <input_file_ref idref="fl-16"/>
      </object_component>
      <object_component id="oc-40">
         <name>.debug_info</name>
         <load_address>0x1511e</load_address>
         <run_address>0x1511e</run_address>
         <size>0x233</size>
         <input_file_ref idref="fl-16"/>
      </object_component>
      <object_component id="oc-196">
         <name>.debug_info</name>
         <load_address>0x15351</load_address>
         <run_address>0x15351</run_address>
         <size>0x4f</size>
         <input_file_ref idref="fl-16"/>
      </object_component>
      <object_component id="oc-f2">
         <name>.debug_info</name>
         <load_address>0x153a0</load_address>
         <run_address>0x153a0</run_address>
         <size>0x550</size>
         <input_file_ref idref="fl-17"/>
      </object_component>
      <object_component id="oc-85">
         <name>.debug_info</name>
         <load_address>0x158f0</load_address>
         <run_address>0x158f0</run_address>
         <size>0x80d</size>
         <input_file_ref idref="fl-17"/>
      </object_component>
      <object_component id="oc-2ac">
         <name>.debug_info</name>
         <load_address>0x160fd</load_address>
         <run_address>0x160fd</run_address>
         <size>0x284</size>
         <input_file_ref idref="fl-1c"/>
      </object_component>
      <object_component id="oc-212">
         <name>.debug_info</name>
         <load_address>0x16381</load_address>
         <run_address>0x16381</run_address>
         <size>0x195</size>
         <input_file_ref idref="fl-1c"/>
      </object_component>
      <object_component id="oc-34f">
         <name>.debug_info</name>
         <load_address>0x16516</load_address>
         <run_address>0x16516</run_address>
         <size>0x46</size>
         <input_file_ref idref="fl-1c"/>
      </object_component>
      <object_component id="oc-2a7">
         <name>.debug_info</name>
         <load_address>0x1655c</load_address>
         <run_address>0x1655c</run_address>
         <size>0x39</size>
         <input_file_ref idref="fl-1c"/>
      </object_component>
      <object_component id="oc-e0">
         <name>.debug_info</name>
         <load_address>0x16595</load_address>
         <run_address>0x16595</run_address>
         <size>0x13f</size>
         <input_file_ref idref="fl-1d"/>
      </object_component>
      <object_component id="oc-201">
         <name>.debug_info</name>
         <load_address>0x166d4</load_address>
         <run_address>0x166d4</run_address>
         <size>0x547</size>
         <input_file_ref idref="fl-1e"/>
      </object_component>
      <object_component id="oc-102">
         <name>.debug_info</name>
         <load_address>0x16c1b</load_address>
         <run_address>0x16c1b</run_address>
         <size>0x19b</size>
         <input_file_ref idref="fl-1e"/>
      </object_component>
      <object_component id="oc-28e">
         <name>.debug_info</name>
         <load_address>0x16db6</load_address>
         <run_address>0x16db6</run_address>
         <size>0x39</size>
         <input_file_ref idref="fl-1e"/>
      </object_component>
      <object_component id="oc-343">
         <name>.debug_info</name>
         <load_address>0x16def</load_address>
         <run_address>0x16def</run_address>
         <size>0x39</size>
         <input_file_ref idref="fl-1e"/>
      </object_component>
      <object_component id="oc-293">
         <name>.debug_info</name>
         <load_address>0x16e28</load_address>
         <run_address>0x16e28</run_address>
         <size>0x39</size>
         <input_file_ref idref="fl-1e"/>
      </object_component>
      <object_component id="oc-298">
         <name>.debug_info</name>
         <load_address>0x16e61</load_address>
         <run_address>0x16e61</run_address>
         <size>0xcd</size>
         <input_file_ref idref="fl-1e"/>
      </object_component>
      <object_component id="oc-dc">
         <name>.debug_info</name>
         <load_address>0x16f2e</load_address>
         <run_address>0x16f2e</run_address>
         <size>0x313</size>
         <input_file_ref idref="fl-20"/>
      </object_component>
      <object_component id="oc-66">
         <name>.debug_info</name>
         <load_address>0x17241</load_address>
         <run_address>0x17241</run_address>
         <size>0x1b4</size>
         <input_file_ref idref="fl-20"/>
      </object_component>
      <object_component id="oc-d7">
         <name>.debug_info</name>
         <load_address>0x173f5</load_address>
         <run_address>0x173f5</run_address>
         <size>0x46</size>
         <input_file_ref idref="fl-20"/>
      </object_component>
      <object_component id="oc-64">
         <name>.debug_info</name>
         <load_address>0x1743b</load_address>
         <run_address>0x1743b</run_address>
         <size>0x298</size>
         <input_file_ref idref="fl-21"/>
      </object_component>
      <object_component id="oc-13">
         <name>.debug_info</name>
         <load_address>0x176d3</load_address>
         <run_address>0x176d3</run_address>
         <size>0x1ca</size>
         <input_file_ref idref="fl-21"/>
      </object_component>
      <object_component id="oc-5f">
         <name>.debug_info</name>
         <load_address>0x1789d</load_address>
         <run_address>0x1789d</run_address>
         <size>0x46</size>
         <input_file_ref idref="fl-21"/>
      </object_component>
      <object_component id="oc-cf">
         <name>.debug_info</name>
         <load_address>0x178e3</load_address>
         <run_address>0x178e3</run_address>
         <size>0x2c</size>
         <input_file_ref idref="fl-21"/>
      </object_component>
      <object_component id="oc-cd">
         <name>.debug_info</name>
         <load_address>0x1790f</load_address>
         <run_address>0x1790f</run_address>
         <size>0x293</size>
         <input_file_ref idref="fl-22"/>
      </object_component>
      <object_component id="oc-d">
         <name>.debug_info</name>
         <load_address>0x17ba2</load_address>
         <run_address>0x17ba2</run_address>
         <size>0x245</size>
         <input_file_ref idref="fl-22"/>
      </object_component>
      <object_component id="oc-4f">
         <name>.debug_info</name>
         <load_address>0x17de7</load_address>
         <run_address>0x17de7</run_address>
         <size>0x60</size>
         <input_file_ref idref="fl-22"/>
      </object_component>
      <object_component id="oc-1ab">
         <name>.debug_info</name>
         <load_address>0x17e47</load_address>
         <run_address>0x17e47</run_address>
         <size>0x46</size>
         <input_file_ref idref="fl-22"/>
      </object_component>
      <object_component id="oc-c8">
         <name>.debug_info</name>
         <load_address>0x17e8d</load_address>
         <run_address>0x17e8d</run_address>
         <size>0x39</size>
         <input_file_ref idref="fl-22"/>
      </object_component>
      <object_component id="oc-266">
         <name>.debug_info</name>
         <load_address>0x17ec6</load_address>
         <run_address>0x17ec6</run_address>
         <size>0x3a2</size>
         <input_file_ref idref="fl-23"/>
      </object_component>
      <object_component id="oc-263">
         <name>.debug_info</name>
         <load_address>0x18268</load_address>
         <run_address>0x18268</run_address>
         <size>0x185</size>
         <input_file_ref idref="fl-23"/>
      </object_component>
      <object_component id="oc-158">
         <name>.debug_info</name>
         <load_address>0x183ed</load_address>
         <run_address>0x183ed</run_address>
         <size>0x117</size>
         <input_file_ref idref="fl-23"/>
      </object_component>
      <object_component id="oc-15e">
         <name>.debug_info</name>
         <load_address>0x18504</load_address>
         <run_address>0x18504</run_address>
         <size>0x179</size>
         <input_file_ref idref="fl-23"/>
      </object_component>
      <object_component id="oc-2ff">
         <name>.debug_info</name>
         <load_address>0x1867d</load_address>
         <run_address>0x1867d</run_address>
         <size>0x2be</size>
         <input_file_ref idref="fl-24"/>
      </object_component>
      <object_component id="oc-226">
         <name>.debug_info</name>
         <load_address>0x1893b</load_address>
         <run_address>0x1893b</run_address>
         <size>0x113</size>
         <input_file_ref idref="fl-24"/>
      </object_component>
      <object_component id="oc-2f9">
         <name>.debug_info</name>
         <load_address>0x18a4e</load_address>
         <run_address>0x18a4e</run_address>
         <size>0x123</size>
         <input_file_ref idref="fl-24"/>
      </object_component>
      <object_component id="oc-238">
         <name>.debug_info</name>
         <load_address>0x18b71</load_address>
         <run_address>0x18b71</run_address>
         <size>0x3da</size>
         <input_file_ref idref="fl-25"/>
      </object_component>
      <object_component id="oc-234">
         <name>.debug_info</name>
         <load_address>0x18f4b</load_address>
         <run_address>0x18f4b</run_address>
         <size>0x14c</size>
         <input_file_ref idref="fl-25"/>
      </object_component>
      <object_component id="oc-22c">
         <name>.debug_info</name>
         <load_address>0x19097</load_address>
         <run_address>0x19097</run_address>
         <size>0x15b</size>
         <input_file_ref idref="fl-25"/>
      </object_component>
      <object_component id="oc-145">
         <name>.debug_info</name>
         <load_address>0x191f2</load_address>
         <run_address>0x191f2</run_address>
         <size>0x1a1</size>
         <input_file_ref idref="fl-25"/>
      </object_component>
      <object_component id="oc-315">
         <name>.debug_info</name>
         <load_address>0x19393</load_address>
         <run_address>0x19393</run_address>
         <size>0xb2</size>
         <input_file_ref idref="fl-25"/>
      </object_component>
      <object_component id="oc-327">
         <name>.debug_info</name>
         <load_address>0x19445</load_address>
         <run_address>0x19445</run_address>
         <size>0x335</size>
         <input_file_ref idref="fl-26"/>
      </object_component>
      <object_component id="oc-240">
         <name>.debug_info</name>
         <load_address>0x1977a</load_address>
         <run_address>0x1977a</run_address>
         <size>0x1fd</size>
         <input_file_ref idref="fl-26"/>
      </object_component>
      <object_component id="oc-31b">
         <name>.debug_info</name>
         <load_address>0x19977</load_address>
         <run_address>0x19977</run_address>
         <size>0x1bb</size>
         <input_file_ref idref="fl-26"/>
      </object_component>
      <object_component id="oc-321">
         <name>.debug_info</name>
         <load_address>0x19b32</load_address>
         <run_address>0x19b32</run_address>
         <size>0x16e</size>
         <input_file_ref idref="fl-26"/>
      </object_component>
      <object_component id="oc-328">
         <name>.debug_info</name>
         <load_address>0x19ca0</load_address>
         <run_address>0x19ca0</run_address>
         <size>0x2c</size>
         <input_file_ref idref="fl-26"/>
      </object_component>
      <object_component id="oc-32d">
         <name>.debug_info</name>
         <load_address>0x19ccc</load_address>
         <run_address>0x19ccc</run_address>
         <size>0x69</size>
         <input_file_ref idref="fl-26"/>
      </object_component>
      <object_component id="oc-5a">
         <name>.debug_info</name>
         <load_address>0x19d35</load_address>
         <run_address>0x19d35</run_address>
         <size>0x111</size>
         <input_file_ref idref="fl-27"/>
      </object_component>
      <object_component id="oc-2ec">
         <name>.debug_info</name>
         <load_address>0x19e46</load_address>
         <run_address>0x19e46</run_address>
         <size>0x8a6</size>
         <input_file_ref idref="fl-28"/>
      </object_component>
      <object_component id="oc-2bf">
         <name>.debug_info</name>
         <load_address>0x1a6ec</load_address>
         <run_address>0x1a6ec</run_address>
         <size>0x20e</size>
         <input_file_ref idref="fl-28"/>
      </object_component>
      <object_component id="oc-36d">
         <name>.debug_info</name>
         <load_address>0x1a8fa</load_address>
         <run_address>0x1a8fa</run_address>
         <size>0x1a8</size>
         <input_file_ref idref="fl-28"/>
      </object_component>
      <object_component id="oc-373">
         <name>.debug_info</name>
[...]
         <name>mibspi3ParityCheck</name>
         <value>0x178c</value>
         <object_component_ref idref="oc-88"/>
      </symbol>
      <symbol id="sm-683">
         <name>efcSelfTest</name>
         <value>0x794</value>
         <object_component_ref idref="oc-88"/>
      </symbol>
      <symbol id="sm-684">
         <name>checkB1RAMECC</name>
         <value>0xb28</value>
         <object_component_ref idref="oc-88"/>
      </symbol>
      <symbol id="sm-685">
         <name>pbistStop</name>
         <value>0x578</value>
         <object_component_ref idref="oc-88"/>
      </symbol>
      <symbol id="sm-686">
         <name>can3ParityCheck</name>
         <value>0x15b0</value>
         <object_component_ref idref="oc-88"/>
      </symbol>
      <symbol id="sm-687">
         <name>checkRAMAddrParity</name>
         <value>0x2050</value>
         <object_component_ref idref="oc-88"/>
      </symbol>
      <symbol id="sm-688">
         <name>mibspi5ParityCheck</name>
         <value>0x18b0</value>
         <object_component_ref idref="oc-88"/>
      </symbol>
      <symbol id="sm-689">
         <name>checkB0RAMECC</name>
         <value>0x938</value>
         <object_component_ref idref="oc-88"/>
      </symbol>
      <symbol id="sm-68a">
         <name>stcGetConfigValue</name>
         <value>0x25bc</value>
         <object_component_ref idref="oc-88"/>
      </symbol>
      <symbol id="sm-68b">
         <name>pbistIsTestPassed</name>
         <value>0x5d4</value>
         <object_component_ref idref="oc-88"/>
      </symbol>
      <symbol id="sm-68c">
         <name>checkClockMonitor</name>
         <value>0x1c18</value>
         <object_component_ref idref="oc-88"/>
      </symbol>
      <symbol id="sm-68d">
         <name>fmcECCcheck</name>
         <value>0x898</value>
         <object_component_ref idref="oc-88"/>
      </symbol>
      <symbol id="sm-68e">
         <name>fmcBus2Check</name>
         <value>0x85c</value>
         <object_component_ref idref="oc-88"/>
      </symbol>
      <symbol id="sm-68f">
         <name>checkRAMUERRTest</name>
         <value>0x215c</value>
         <object_component_ref idref="oc-88"/>
      </symbol>
      <symbol id="sm-690">
         <name>efcStuckZeroTest</name>
         <value>0x6e8</value>
         <object_component_ref idref="oc-88"/>
      </symbol>
      <symbol id="sm-691">
         <name>checkPLL2Slip</name>
         <value>0x1f8c</value>
         <object_component_ref idref="oc-88"/>
      </symbol>
      <symbol id="sm-6c3">
         <name>_c_int00</name>
         <value>0x9480</value>
         <object_component_ref idref="oc-19"/>
      </symbol>
      <symbol id="sm-6c4">
         <name>handlePLLLockFail</name>
         <value>0xb66c</value>
         <object_component_ref idref="oc-7c"/>
      </symbol>
      <symbol id="sm-773">
         <name>vimChannelMap</name>
         <value>0x4b64</value>
         <object_component_ref idref="oc-43"/>
      </symbol>
      <symbol id="sm-774">
         <name>vimInit</name>
         <value>0x4a90</value>
         <object_component_ref idref="oc-43"/>
      </symbol>
      <symbol id="sm-775">
         <name>vimEnableInterrupt</name>
         <value>0x4c08</value>
         <object_component_ref idref="oc-43"/>
      </symbol>
      <symbol id="sm-776">
         <name>vimDisableInterrupt</name>
         <value>0x4dd0</value>
         <object_component_ref idref="oc-43"/>
      </symbol>
      <symbol id="sm-777">
         <name>vimGetConfigValue</name>
         <value>0x4e7c</value>
         <object_component_ref idref="oc-43"/>
      </symbol>
      <symbol id="sm-778">
         <name>vimParityErrorHandler</name>
         <value>0x8efc</value>
         <object_component_ref idref="oc-3f"/>
      </symbol>
      <symbol id="sm-7d3">
         <name>systemGetConfigValue</name>
         <value>0x42b8</value>
         <object_component_ref idref="oc-82"/>
      </symbol>
      <symbol id="sm-7d4">
         <name>trimLPO</name>
         <value>0x3f8c</value>
         <object_component_ref idref="oc-82"/>
      </symbol>
      <symbol id="sm-7d5">
         <name>systemInit</name>
         <value>0x41bc</value>
         <object_component_ref idref="oc-82"/>
      </symbol>
      <symbol id="sm-7d6">
         <name>customTrimLPO</name>
         <value>0x49b4</value>
         <object_component_ref idref="oc-82"/>
      </symbol>
      <symbol id="sm-7d7">
         <name>tcmflashGetConfigValue</name>
         <value>0x46cc</value>
         <object_component_ref idref="oc-82"/>
      </symbol>
      <symbol id="sm-7d8">
         <name>sramGetConfigValue</name>
         <value>0x4878</value>
         <object_component_ref idref="oc-82"/>
      </symbol>
      <symbol id="sm-7d9">
         <name>periphInit</name>
         <value>0x4040</value>
         <object_component_ref idref="oc-82"/>
      </symbol>
      <symbol id="sm-7da">
         <name>setupFlash</name>
         <value>0x4000</value>
         <object_component_ref idref="oc-82"/>
      </symbol>
      <symbol id="sm-7db">
         <name>setupPLL</name>
         <value>0x3f2c</value>
         <object_component_ref idref="oc-82"/>
      </symbol>
      <symbol id="sm-7dc">
         <name>mapClocks</name>
         <value>0x4094</value>
         <object_component_ref idref="oc-82"/>
      </symbol>
      <symbol id="sm-7dd">
         <name>systemPowerDown</name>
         <value>0x4288</value>
         <object_component_ref idref="oc-82"/>
      </symbol>
      <symbol id="sm-803">
         <name>floorl</name>
         <value>0xa305</value>
         <object_component_ref idref="oc-211"/>
      </symbol>
      <symbol id="sm-804">
         <name>floor</name>
         <value>0xa305</value>
         <object_component_ref idref="oc-211"/>
      </symbol>
      <symbol id="sm-813">
         <name>__aeabi_memset</name>
         <value>0xa9a5</value>
         <object_component_ref idref="oc-dd"/>
      </symbol>
      <symbol id="sm-814">
         <name>memset</name>
         <value>0xa9ab</value>
         <object_component_ref idref="oc-dd"/>
      </symbol>
      <symbol id="sm-815">
         <name>__aeabi_memset8</name>
         <value>0xa9a5</value>
         <object_component_ref idref="oc-dd"/>
      </symbol>
      <symbol id="sm-816">
         <name>__aeabi_memset4</name>
         <value>0xa9a5</value>
         <object_component_ref idref="oc-dd"/>
      </symbol>
      <symbol id="sm-817">
         <name>__aeabi_memclr8</name>
         <value>0xa9a3</value>
         <object_component_ref idref="oc-dd"/>
      </symbol>
      <symbol id="sm-818">
         <name>__aeabi_memclr4</name>
         <value>0xa9a3</value>
         <object_component_ref idref="oc-dd"/>
      </symbol>
      <symbol id="sm-819">
         <name>__aeabi_memclr</name>
         <value>0xa9a3</value>
         <object_component_ref idref="oc-dd"/>
      </symbol>
      <symbol id="sm-841">
         <name>__TI_auto_init_nobinit_nopinit</name>
         <value>0xb1b9</value>
         <object_component_ref idref="oc-101"/>
      </symbol>
      <symbol id="sm-856">
         <name>__TI_zero_init_nomemset</name>
         <value>0xb621</value>
         <object_component_ref idref="oc-65"/>
      </symbol>
      <symbol id="sm-86d">
         <name>__TI_decompress_none</name>
         <value>0xb645</value>
         <object_component_ref idref="oc-12"/>
      </symbol>
      <symbol id="sm-890">
         <name>__TI_decompress_lzss</name>
         <value>0xab7d</value>
         <object_component_ref idref="oc-c"/>
      </symbol>
      <symbol id="sm-8b6">
         <name>C$$EXIT</name>
         <value>0xb665</value>
         <object_component_ref idref="oc-156"/>
      </symbol>
      <symbol id="sm-8b7">
         <name>abort</name>
         <value>0xb665</value>
         <object_component_ref idref="oc-156"/>
      </symbol>
      <symbol id="sm-8b8">
         <name>__TI_dtors_ptr</name>
         <value>0x8002140</value>
         <object_component_ref idref="oc-262"/>
      </symbol>
      <symbol id="sm-8b9">
         <name>__TI_cleanup_ptr</name>
         <value>0x800213c</value>
         <object_component_ref idref="oc-262"/>
      </symbol>
      <symbol id="sm-8ba">
         <name>__TI_enable_exit_profile_output</name>
         <value>0x8002144</value>
         <object_component_ref idref="oc-262"/>
      </symbol>
      <symbol id="sm-8bb">
         <name>exit</name>
         <value>0xb1fd</value>
         <object_component_ref idref="oc-15c"/>
      </symbol>
      <symbol id="sm-8d0">
         <name>_nop</name>
         <value>0x5f17</value>
         <object_component_ref idref="oc-2f7"/>
      </symbol>
      <symbol id="sm-8d1">
         <name>_lock</name>
         <value>0x8002154</value>
         <object_component_ref idref="oc-225"/>
      </symbol>
      <symbol id="sm-8d2">
         <name>_unlock</name>
         <value>0x8002158</value>
         <object_component_ref idref="oc-225"/>
      </symbol>
      <symbol id="sm-8fe">
         <name>printf</name>
         <value>0xacb9</value>
         <object_component_ref idref="oc-143"/>
      </symbol>
      <symbol id="sm-92d">
         <name>vsnprintf</name>
         <value>0xb2c5</value>
         <object_component_ref idref="oc-23e"/>
      </symbol>
      <symbol id="sm-948">
         <name>memcpy</name>
         <value>0xa7fb</value>
         <object_component_ref idref="oc-59"/>
      </symbol>
      <symbol id="sm-949">
         <name>__aeabi_memcpy</name>
         <value>0xa7fb</value>
         <object_component_ref idref="oc-59"/>
      </symbol>
      <symbol id="sm-94a">
         <name>__aeabi_memcpy8</name>
         <value>0xa7fb</value>
         <object_component_ref idref="oc-59"/>
      </symbol>
      <symbol id="sm-94b">
         <name>__aeabi_memcpy4</name>
         <value>0xa7fb</value>
         <object_component_ref idref="oc-59"/>
      </symbol>
      <symbol id="sm-aa4">
         <name>__TI_printfi</name>
         <value>0x54e5</value>
         <object_component_ref idref="oc-21f"/>
      </symbol>
      <symbol id="sm-ab9">
         <name>atoi</name>
         <value>0xb049</value>
         <object_component_ref idref="oc-2b5"/>
      </symbol>
      <symbol id="sm-ac4">
         <name>_ctypes_</name>
         <value>0xba70</value>
         <object_component_ref idref="oc-358"/>
      </symbol>
      <symbol id="sm-ad9">
         <name>__TI_tmpnams</name>
         <value>0x8001e20</value>
      </symbol>
      <symbol id="sm-ada">
         <name>__aeabi_stdout</name>
         <value>0x8002134</value>
         <object_component_ref idref="oc-48b"/>
      </symbol>
      <symbol id="sm-adb">
         <name>__aeabi_stderr</name>
         <value>0x8002138</value>
         <object_component_ref idref="oc-48b"/>
      </symbol>
      <symbol id="sm-adc">
         <name>__aeabi_stdin</name>
         <value>0x8002130</value>
         <object_component_ref idref="oc-48b"/>
      </symbol>
      <symbol id="sm-add">
         <name>_ftable</name>
         <value>0x8001f48</value>
         <object_component_ref idref="oc-228"/>
      </symbol>
      <symbol id="sm-ade">
         <name>__TI_ft_end</name>
         <value>0x800212c</value>
         <object_component_ref idref="oc-48b"/>
      </symbol>
      <symbol id="sm-af3">
         <name>putc</name>
         <value>0xa899</value>
         <object_component_ref idref="oc-30c"/>
      </symbol>
      <symbol id="sm-af4">
         <name>fputc</name>
         <value>0xa899</value>
         <object_component_ref idref="oc-30c"/>
      </symbol>
      <symbol id="sm-b12">
         <name>fputs</name>
         <value>0x9d05</value>
         <object_component_ref idref="oc-305"/>
      </symbol>
      <symbol id="sm-b21">
         <name>ltoa</name>
         <value>0xafa5</value>
         <object_component_ref idref="oc-363"/>
      </symbol>
      <symbol id="sm-b31">
         <name>memccpy</name>
         <value>0xb57d</value>
         <object_component_ref idref="oc-2d9"/>
      </symbol>
      <symbol id="sm-b41">
         <name>memchr</name>
         <value>0xb55d</value>
         <object_component_ref idref="oc-3bc"/>
      </symbol>
      <symbol id="sm-b51">
         <name>strchr</name>
         <value>0xb5e1</value>
         <object_component_ref idref="oc-390"/>
      </symbol>
      <symbol id="sm-b5f">
         <name>strlen</name>
         <value>0xb5f7</value>
         <object_component_ref idref="oc-2af"/>
      </symbol>
      <symbol id="sm-b85">
         <name>_stream</name>
         <value>0x80020b0</value>
         <object_component_ref idref="oc-419"/>
      </symbol>
      <symbol id="sm-b86">
         <name>_device</name>
         <value>0x8002038</value>
         <object_component_ref idref="oc-459"/>
      </symbol>
      <symbol id="sm-b87">
         <name>write</name>
         <value>0xb535</value>
         <object_component_ref idref="oc-3c8"/>
      </symbol>
      <symbol id="sm-ba5">
         <name>frexpl</name>
         <value>0xab09</value>
         <object_component_ref idref="oc-384"/>
      </symbol>
      <symbol id="sm-ba6">
         <name>frexp</name>
         <value>0xab09</value>
         <object_component_ref idref="oc-384"/>
      </symbol>
      <symbol id="sm-bc3">
         <name>scalbn</name>
         <value>0xa131</value>
         <object_component_ref idref="oc-38a"/>
      </symbol>
      <symbol id="sm-bc4">
         <name>scalbnl</name>
         <value>0xa131</value>
         <object_component_ref idref="oc-38a"/>
      </symbol>
      <symbol id="sm-bc5">
         <name>ldexpl</name>
         <value>0xa131</value>
         <object_component_ref idref="oc-38a"/>
      </symbol>
      <symbol id="sm-bc6">
         <name>ldexp</name>
         <value>0xa131</value>
         <object_component_ref idref="oc-38a"/>
      </symbol>
      <symbol id="sm-bd0">
         <name>copysign</name>
         <value>0xb5b1</value>
         <object_component_ref idref="oc-3eb"/>
      </symbol>
      <symbol id="sm-bd1">
         <name>copysignl</name>
         <value>0xb5b1</value>
         <object_component_ref idref="oc-3eb"/>
      </symbol>
      <symbol id="sm-bea">
         <name>wcslen</name>
         <value>0xb633</value>
         <object_component_ref idref="oc-2df"/>
      </symbol>
      <symbol id="sm-c06">
         <name>__aeabi_uldivmod</name>
         <value>0x91c8</value>
         <object_component_ref idref="oc-35d"/>
      </symbol>
      <symbol id="sm-c1c">
         <name>__aeabi_errno_addr</name>
         <value>0xb655</value>
         <object_component_ref idref="oc-2e5"/>
      </symbol>
      <symbol id="sm-c1d">
         <name>errno</name>
         <value>0x8002164</value>
         <object_component_ref idref="oc-3a0"/>
      </symbol>
      <symbol id="sm-c35">
         <name>__TI_wrt_ok</name>
         <value>0xad21</value>
         <object_component_ref idref="oc-3b6"/>
      </symbol>
      <symbol id="sm-c45">
         <name>__TI_doflush</name>
         <value>0xb099</value>
         <object_component_ref idref="oc-3c2"/>
      </symbol>
      <symbol id="sm-c57">
         <name>fseek</name>
         <value>0xad85</value>
         <object_component_ref idref="oc-407"/>
      </symbol>
      <symbol id="sm-c67">
         <name>lseek</name>
         <value>0xb4e5</value>
         <object_component_ref idref="oc-432"/>
      </symbol>
      <symbol id="sm-c83">
         <name>setvbuf</name>
         <value>0xa4c5</value>
         <object_component_ref idref="oc-40d"/>
      </symbol>
      <symbol id="sm-c94">
         <name>HOSTclose</name>
         <value>0xb131</value>
         <object_component_ref idref="oc-497"/>
      </symbol>
      <symbol id="sm-ca5">
         <name>HOSTlseek</name>
         <value>0xabe9</value>
         <object_component_ref idref="oc-4a9"/>
      </symbol>
      <symbol id="sm-cb7">
         <name>parmbuf</name>
         <value>0x8001f40</value>
      </symbol>
      <symbol id="sm-cb8">
         <name>HOSTopen</name>
         <value>0xade9</value>
         <object_component_ref idref="oc-491"/>
      </symbol>
      <symbol id="sm-cc9">
         <name>HOSTread</name>
         <value>0xae45</value>
         <object_component_ref idref="oc-49d"/>
      </symbol>
      <symbol id="sm-cda">
         <name>HOSTrename</name>
         <value>0xac51</value>
         <object_component_ref idref="oc-4b5"/>
      </symbol>
      <symbol id="sm-ceb">
         <name>HOSTunlink</name>
         <value>0xb175</value>
         <object_component_ref idref="oc-4af"/>
      </symbol>
      <symbol id="sm-cfc">
         <name>HOSTwrite</name>
         <value>0xaea1</value>
         <object_component_ref idref="oc-4a3"/>
      </symbol>
      <symbol id="sm-d20">
         <name>__TI_readmsg</name>
         <value>0xb421</value>
         <object_component_ref idref="oc-4db"/>
      </symbol>
      <symbol id="sm-d21">
         <name>C$$IO$$</name>
         <value>0xb337</value>
         <object_component_ref idref="oc-4d5"/>
      </symbol>
      <symbol id="sm-d22">
         <name>__CIOBUF_</name>
         <value>0x8001d00</value>
         <object_component_ref idref="oc-503"/>
      </symbol>
      <symbol id="sm-d23">
         <name>__TI_writemsg</name>
         <value>0xb305</value>
         <object_component_ref idref="oc-4d5"/>
      </symbol>
      <symbol id="sm-d9c">
         <name>_sys_memory</name>
         <value>0x8001500</value>
         <object_component_ref idref="oc-4b"/>
      </symbol>
      <symbol id="sm-d9d">
         <name>free</name>
         <value>0xa5a1</value>
         <object_component_ref idref="oc-43a"/>
      </symbol>
      <symbol id="sm-d9e">
         <name>malloc</name>
         <value>0xaa1d</value>
         <object_component_ref idref="oc-440"/>
      </symbol>
      <symbol id="sm-d9f">
         <name>minit</name>
         <value>0xb37d</value>
         <object_component_ref idref="oc-46e"/>
      </symbol>
      <symbol id="sm-daf">
         <name>__TI_cleanup</name>
         <value>0xb3ed</value>
         <object_component_ref idref="oc-446"/>
      </symbol>
      <symbol id="sm-dbe">
         <name>strcpy</name>
         <value>0xb60d</value>
         <object_component_ref idref="oc-4ef"/>
      </symbol>
      <symbol id="sm-dd3">
         <name>__TI_closefile</name>
         <value>0xaa95</value>
         <object_component_ref idref="oc-485"/>
      </symbol>
      <symbol id="sm-df6">
         <name>finddevice</name>
         <value>0xb455</value>
         <object_component_ref idref="oc-521"/>
      </symbol>
      <symbol id="sm-df7">
         <name>getdevice</name>
         <value>0xb241</value>
         <object_component_ref idref="oc-4f9"/>
      </symbol>
      <symbol id="sm-e07">
         <name>strcmp</name>
         <value>0xb5c9</value>
         <object_component_ref idref="oc-538"/>
      </symbol>
      <symbol id="sm-e17">
         <name>strncpy</name>
         <value>0xb3b5</value>
         <object_component_ref idref="oc-51b"/>
      </symbol>
      <symbol id="sm-e27">
         <name>unlink</name>
         <value>0xb4b9</value>
         <object_component_ref idref="oc-4ca"/>
      </symbol>
      <symbol id="sm-e3b">
         <name>close</name>
         <value>0xaef9</value>
         <object_component_ref idref="oc-4c4"/>
      </symbol>
      <symbol id="sm-e3c">
         <name>__TI_static_base__</name>
         <value>0x0</value>
      </symbol>
      <symbol id="sm-e3f">
         <name>SHT$$INIT_ARRAY$$Base</name>
         <value>0x0</value>
      </symbol>
      <symbol id="sm-e40">
         <name>SHT$$INIT_ARRAY$$Limit</name>
         <value>0x0</value>
      </symbol>
      <symbol id="sm-e41">
         <name>_system_post_cinit</name>
         <value>0x0</value>
      </symbol>
      <symbol id="sm-e42">
         <name>remove</name>
         <value>0xb4b9</value>
      </symbol>
   </symbol_table>
   <title>Link successful</title>
</link_info>
